
go-updater.brave.com
go-updater.brave.com
go-updater.brave.com
go-updater.brave.com
go-updater.brave.com
go-updater.brave.com
search.brave.com
dns.google
dns.google
dns.google
dns.google
imgs.search.brave.com
search.brave.com
imgs.search.brave.com
safebrowsing.googleapis.com
www.fortinet.com
api.consentjs.datagrail.io
cdn.schemaapp.com
s3049749.t.eloqua.com
cdn.schemaapp.com
data.schemaapp.com
site.fortinet.com
s3049749.t.eloqua.com
site.fortinet.com
api.schemaapp.com
www.fortinet.com
dns.google
collector.bsg.brave.com
star-randsrv.bsg.brave.com
dns.google
go-updater.brave.com
componentupdater.brave.com
componentupdater.brave.com
variations.brave.com

dns.google
collector.bsg.brave.com
collector.bsg.brave.com
dns.google
search.brave.com
dns.google
imgs.search.brave.com
search.brave.com
imgs.search.brave.com
search.brave.com
www.coursera.org
d3njjcbhbojbot.cloudfront.net
d3njjcbhbojbot.cloudfront.net
accounts.google.com
accounts.google.com

quake-pa.googleapis.com
dns.google

play.googleapis.com
dns.google
anonymous.ads.brave.com
search.brave.com
search.brave.com
search.brave.com
www.cloudflare.com
cf-assets.www.cloudflare.com
ot.www.cloudflare.com
challenges.cloudflare.com
performance.radar.cloudflare.com
ptcfc.com
testingcf.jsdelivr.net
testingcf.jsdelivr.net
jsdelivr.b-cdn.net
p36.cedexis-test.com
essl-cdxs.edgekey.net
fastly.jsdelivr.net
valid.rpki.cloudflare.com
invalid.rpki.cloudflare.com
performance.radar.cloudflare.com
dns.google
search.brave.com
dns.google
imgs.search.brave.com
search.brave.com
imgs.search.brave.com
search.brave.com
imgs.search.brave.com
www.geeksforgeeks.org
cdnads.geeksforgeeks.org
apis.google.com
apis.google.com
utilapi.geeksforgeeks.org
www.google.com
www.google.com
www.google.com
www.google.com
dns.google
search.brave.com
search.brave.com
search.brave.com
en.wikipedia.org
play.googleapis.com
play.googleapis.com
dns.google

spot-pa.googleapis.com
search.brave.com
dns.google
imgs.search.brave.com
cdn.search.brave.com
cdn.search.brave.com
search.brave.com
search.brave.com
www.imperva.com
js.driftt.com
js.driftt.com
storage.googleapis.com
www.imperva.com
bootstrap.driftapi.com
1523881-31.chat.api.drift.com
presence.api.drift.com

play-fe.googleapis.com
