
www.google.com
accounts.google.com
optimizationguide-pa.googleapis.com

www.google.com
www.googleadservices.com
optimizationguide-pa.googleapis.com
www.googleadservices.com
play.googleapis.com
www.wikipedia.org
play.googleapis.com
cdn.ampproject.org
cdn.ampproject.org
play.googleapis.com
cdn.ampproject.org
cdn.ampproject.org
play.googleapis.com
play.google.com
waa-pa.clients6.google.com
play.google.com
waa-pa.clients6.google.com
play.google.com
play.google.com
ogads-pa.clients6.google.com
ogads-pa.clients6.google.com
ogads-pa.clients6.google.com
dns.google
dns.google
dns.google
dns.google
optimizationguide-pa.googleapis.com
dns.google
mail1.libero.it
lh3.google.com
www.googleadservices.com
lh3.google.com
lh3.googleusercontent.com
www.googletagmanager.com
dns.google
tunnel.googlezip.net
tunnel.googlezip.net
cdn.ampproject.org
cdn.ampproject.org
dns.google
dns.google
marvel-b2-cdn.bc0a.com
www.fortinet.com
www.fortinet.com
play.google.com
client-registry.mutinycdn.com
fortinet.my.site.com
safebrowsing.google.com
cdn.pathfactory.com
api.consentjs.datagrail.io
assets.adobedtm.com
cdn-app.pathfactory.com
a.omappapi.com
www.fortinet.com
www.fortinet.com
www.fortinet.com
www.fortinet.com
rum.hlx.page
api.consentjs.datagrail.io
s3049749.t.eloqua.com
dpm.demdex.net
cdn.schemaapp.com
fortinet.tt.omtrdc.net
site.fortinet.com
fortinet.tt.omtrdc.net
fortinet.demdex.net
cdn.webexperiences.com
cm.everesttech.net
data.schemaapp.com
cdn.schemaapp.com
s3049749.t.eloqua.com
d2i34c80a0ftze.cloudfront.net
s.webexperiences.com
api.schemaapp.com
script.crazyegg.com
st.fullcircleinsights.com
j.6sc.co
script.crazyegg.com
jukebox.pathfactory.com
api.omappapi.com
client-registry.mutinycdn.com
trk.techtarget.com
script.crazyegg.com
script.crazyegg.com
ibc-flow.techtarget.com
bat.bing.com
secure.adnxs.com
ipv6.6sc.co
bat.bing.com
jukebox.pathfactory.com
epsilon.6sense.com
api-v2.mutinyhq.io
www.googletagmanager.com
epsilon.6sense.com
fortinet.my.salesforce-scrt.com
www.googletagmanager.com
tracking.crazyegg.com
marvel-b1-cdn.bc0a.com
bat.bing.net
metrics.fortinet.com
bat.bing.net
cdn.pathfactory.com
www.google.com
www.googleadservices.com
ad.doubleclick.net
spcollector.pathfactory.com
www.googletagmanager.com
fortinet.my.site.com
ad.doubleclick.net
marvel-processor.bc0a.com
apps.global.fortinet.com
marvel-processor.bc0a.com
marvel-processor.bc0a.com
images.global.fortinet.com
bam.nr-data.net
snap.licdn.com
spcollector.pathfactory.com
wec-assets.terminus.services
match.adsrvr.org
10104846.fls.doubleclick.net
px.ads.linkedin.com
px.ads.linkedin.com
px.ads.linkedin.com
px.ads.linkedin.com
connect.facebook.net
15735871.fls.doubleclick.net
static.ads-twitter.com
bam.nr-data.net
img.en25.com
adservice.google.com
tags.srv.stackadapt.com
px.ads.linkedin.com
px.ads.linkedin.com
cloudflare-ech.com
px.ads.linkedin.com
analytics.twitter.com
t.co
cloudflare-ech.com
adservice.google.com
www.facebook.com
www.facebook.com
lantern.fortinet.com
lantern.fortinet.com
px.ads.linkedin.com
6033413.global.siteimproveanalytics.io
lltrck.com
www.facebook.com
s.ml-attr.com
bam.nr-data.net
dns.google
update.googleapis.com
beacons.gcp.gvt2.com
bam.nr-data.net
beacons.gcp.gvt2.com
marvel-b2-cdn.bc0a.com
dns.google

cdn.pathfactory.com
beacons.gcp.gvt2.com
a.omappapi.com
beacons.gcp.gvt2.com
beacons.gcp.gvt2.com
bam.nr-data.net
api-v2.mutinyhq.io
spcollector.pathfactory.com
mail1.libero.it
spcollector.pathfactory.com
www.google.com

safebrowsing.googleapis.com
lh3.google.com
www.googleadservices.com
www.googletagmanager.com
dns.google
tunnel.googlezip.net
dns.google
tunnel.googlezip.net
cdn.ampproject.org
cdn.ampproject.org
en.wikipedia.org
upload.wikimedia.org
lh3.google.com
play.google.com
lh3.google.com
play.google.com

mail1.libero.it
dns.google

google.com
google.com
www.google.com
lh3.google.com
www.googleadservices.com
www.googletagmanager.com
dns.google
tunnel.googlezip.net
cdn.ampproject.org
cdn.ampproject.org
dns.google
www.geeksforgeeks.org
cdnads.geeksforgeeks.org
cdnjs.cloudflare.com
code.jquery.com
safebrowsing.google.com
tunnel.googlezip.net
dns.google
play.google.com
www.googletagmanager.com
securepubads.g.doubleclick.net
gum.criteo.com
b.6sc.co
id.crwdcntrl.net
utilapi.geeksforgeeks.org
ipv6.6sc.co
fundingchoicesmessages.google.com
gum.criteo.com
region1.analytics.google.com
www.google.it
www.googleadservices.com
www.google.com
www.googletagmanager.com
fundingchoicesmessages.google.com
pagead2.googlesyndication.com
region1.analytics.google.com
www.google.it
c7eef4121009fcc7c3da0b56a5eceee0.safeframe.googlesyndication.com
adapi.geeksforgeeks.org
googleads.g.doubleclick.net
www.google.com
content-autofill.googleapis.com
adapi.geeksforgeeks.org
lh3.google.com
lh3.google.com
ep1.adtrafficquality.google
ep2.adtrafficquality.google
pagead2.googlesyndication.com
prebid.smilewanted.com
htlb.casalemedia.com
btlr.sharethrough.com
ib.adnxs.com
hbopenbid.pubmatic.com
ep1.adtrafficquality.google
sync-tm.everesttech.net
csync.smilewanted.com
creativecdn.com
acdn.adnxs.com
match.adsrvr.org
ads.pubmatic.com
ssbsync.smartadserver.com
cs.admanmedia.com
js-sec.indexww.com
ib.adnxs.com
match.sharethrough.com
ittpx.eskimi.com
onetag-sys.com
s.ad.smaato.net
creativecdn.com
ssc-cms.33across.com
google.com
dns.google
cdnjs.cloudflare.com

code.jquery.com
beacons.gcp.gvt2.com
beacons.gcp.gvt2.com
mail1.libero.it
www.google.com
www.google.com
www.google.com
dns.google

www.googleadservices.com
www.googleadservices.com
lh3.google.com
www.googletagmanager.com
tunnel.googlezip.net
dns.google
cdn.ampproject.org
cdn.ampproject.org
tunnel.googlezip.net
dns.google
lh3.googleusercontent.com
play.google.com
ogads-pa.clients6.google.com
dns.google
cdnjs.cloudflare.com
www.googletagmanager.com
www.googletagmanager.com
media.geeksforgeeks.org
safebrowsing.google.com
lh3.googleusercontent.com
assets.geeksforgeeks.org
lh3.googleusercontent.com
gum.criteo.com
www.google.it
fundingchoicesmessages.google.com
id.crwdcntrl.net
www.googleadservices.com
www.google.com
content-autofill.googleapis.com
region1.analytics.google.com
gum.criteo.com
www.googletagmanager.com
pagead2.googlesyndication.com
fundingchoicesmessages.google.com
securepubads.g.doubleclick.net
61c45fb2cc242f65ebb7deeb2ce24431.safeframe.googlesyndication.com
www.google.com
googleads.g.doubleclick.net
ep1.adtrafficquality.google
pagead2.googlesyndication.com
ep2.adtrafficquality.google
btlr.sharethrough.com
ib.adnxs.com
ep1.adtrafficquality.google
tpc.googlesyndication.com
match.adsrvr.org
ssbsync.smartadserver.com
js-sec.indexww.com
cm.g.doubleclick.net
ads.pubmatic.com
acdn.adnxs.com
cs.admanmedia.com
match.sharethrough.com
ib.adnxs.com
ittpx.eskimi.com
onetag-sys.com
ssc-cms.33across.com

beacons.gcp.gvt2.com
dns.google
beacons.gcp.gvt2.com
cdnjs.cloudflare.com
code.jquery.com
google.com
mail1.libero.it
beacons.gcp.gvt2.com
www.google.com
lh3.google.com
www.googleadservices.com
tunnel.googlezip.net
dns.google
cdn.ampproject.org
cdn.ampproject.org
cdnjs.cloudflare.com
dns.google
safebrowsing.google.com
play.google.com
tunnel.googlezip.net
dns.google
gum.criteo.com
www.google.it
region1.analytics.google.com
fundingchoicesmessages.google.com
www.googletagmanager.com
id.crwdcntrl.net
www.googleadservices.com
www.google.com
gum.criteo.com
www.googletagmanager.com
pagead2.googlesyndication.com
fundingchoicesmessages.google.com
securepubads.g.doubleclick.net
1938dc10f1edcdbe4b08e8d288bdb7b0.safeframe.googlesyndication.com
www.google.com
googleads.g.doubleclick.net
lh3.google.com
ep1.adtrafficquality.google
ep2.adtrafficquality.google
pagead2.googlesyndication.com
btlr.sharethrough.com
ib.adnxs.com
ep1.adtrafficquality.google
www.googleadservices.com
www.googleadservices.com
fundingchoicesmessages.google.com
fundingchoicesmessages.google.com
js-sec.indexww.com
match.adsrvr.org
u.openx.net
acdn.adnxs.com
ads.pubmatic.com
ssbsync.smartadserver.com
ib.adnxs.com
sync.1rx.io
match.sharethrough.com
ittpx.eskimi.com
onetag-sys.com
ssc-cms.33across.com
google.com
dns.google

beacons.gcp.gvt2.com
dns.google
dns.google
cdnjs.cloudflare.com
code.jquery.com
mail1.libero.it

www.google.com
google.com
lh3.google.com
www.googleadservices.com
www.googleadservices.com
www.googletagmanager.com
tunnel.googlezip.net
dns.google
lh3.googleusercontent.com
cdn.ampproject.org
cdn.ampproject.org
dns.google
tunnel.googlezip.net
play.google.com
dns.google
www.paloaltonetworks.com
s.go-mpulse.net
safebrowsing.google.com
assets.adobedtm.com
c.go-mpulse.net
cdn.cookielaw.org
dpm.demdex.net
cdn.cookielaw.org
geolocation.onetrust.com
www.paloaltonetworks.com
0217991a.akstat.io
trial-eum-clienttons-s.akamaihd.net
trial-eum-clientnsv4-s.akamaihd.net
143-225-229-169_s-95-101-34-32_ts-1765275301-clienttons-s.akamaihd.net
r7q6lkk7msvr22jx62sq-p6awfd-8c76694cf-clientnsv4-s.akamaihd.net
www.googletagmanager.com
static.cloud.coveo.com
paloaltonetworksintranet.analytics.org.coveo.com
paloaltonetworksintranet.analytics.org.coveo.com
beacons.gcp.gvt2.com
beacons.gcp.gvt2.com
dns.google

s.go-mpulse.net

update.googleapis.com
