ah-cdn.merge.dev
sdk-api-v1.singular.net
edge.fullstory.com
o469727.ingest.us.sentry.io
o469727.ingest.us.sentry.io
o469727.ingest.us.sentry.io
edge.fullstory.com
m.stripe.com
m.stripe.com
m.stripe.com
o469727.ingest.us.sentry.io

browser-intake-datadoghq.com
img.logo.dev
browser-intake-datadoghq.com
browser-intake-datadoghq.com

firebaselogging-pa.googleapis.com
firebaselogging.googleapis.com
www.perplexity.ai

user-gen-media-assets.s3.amazonaws.com

browser-intake-datadoghq.com
browser-intake-datadoghq.com
browser-intake-datadoghq.com

user-gen-media-assets.s3.amazonaws.com


events.mapbox.com
events.mapbox.com
browser-intake-datadoghq.com
browser-intake-datadoghq.com
browser-intake-datadoghq.com

user-gen-media-assets.s3.amazonaws.com

browser-intake-datadoghq.com
browser-intake-datadoghq.com
browser-intake-datadoghq.com
nxj0g7.fscdn.eppo.cloud
api.revenuecat.com

events.mapbox.com

notifications-pa.googleapis.com
