favicons.proxy.brave.com
search.brave.com
dns.google
dns.google
dns.google
dns.google
anonymous.ads.brave.com
search.brave.com
www.fortinet.com
api.consentjs.datagrail.io
cdn.schemaapp.com
s3049749.t.eloqua.com
cdn.schemaapp.com
data.schemaapp.com
site.fortinet.com
s3049749.t.eloqua.com
www.fortinet.com
api.schemaapp.com
dns.google
dns.google
go-updater.brave.com
componentupdater.brave.com
redirector.brave.com
go-updater.brave.com
dns.google
search.brave.com
dns.google
imgs.search.brave.com
imgs.search.brave.com
anonymous.ads.brave.com
imgs.search.brave.com
imgs.search.brave.com
search.brave.com
search.brave.com
en.wikipedia.org
dns.google
search.brave.com
search.brave.com
imgs.search.brave.com

dns.google
search.brave.com
search.brave.com
search.brave.com
search.brave.com
d0.m.awsstatic.com
loader.us-east-1.prod.mrc-sunrise.marketing.aws.dev
b0.p.awsstatic.com
cx0.m.awsstatic.com
prod.pa.cdn.uis.awsstatic.com
b0.p.awsstatic.com
d2c.aws.amazon.com
amazonwebservicesinc.tt.omtrdc.net
fls-na.amazon.com
d2c.aws.amazon.com
chatbot-api.us-east-1.prod.mrc-sunrise.marketing.aws.dev
eu-west-2.prod.pl.panorama.console.api.aws
chat.us-east-1.prod.mrc-sunrise.marketing.aws.dev
infra-api.us-east-1.prod.mrc-sunrise.marketing.aws.dev
chat.us-east-1.prod.mrc-sunrise.marketing.aws.dev
dns.google
search.brave.com
dns.google
imgs.search.brave.com
search.brave.com
www.geeksforgeeks.org
cdnads.geeksforgeeks.org
apis.google.com
utilapi.geeksforgeeks.org
www.google.com
www.google.com
www.google.com
www.google.com
dns.google
search.brave.com
search.brave.com
www.paloaltonetworks.com
www.paloaltonetworks.com
