go-updater.brave.com
go-updater.brave.com
go-updater.brave.com
go-updater.brave.com
go-updater.brave.com
go-updater.brave.com
favicons.proxy.brave.com
search.brave.com
dns.google
dns.google
dns.google
dns.google
anonymous.ads.brave.com
dns.google
imgs.search.brave.com
search.brave.com
imgs.search.brave.com
imgs.search.brave.com
imgs.search.brave.com
imgs.search.brave.com
www.fortinet.com
www.fortinet.com
www.fortinet.com
www.fortinet.com
www.fortinet.com
api.consentjs.datagrail.io
assets.adobedtm.com
s3049749.t.eloqua.com
api.consentjs.datagrail.io
site.fortinet.com
cdn.schemaapp.com
cdn.schemaapp.com
data.schemaapp.com
s3049749.t.eloqua.com
api.schemaapp.com
dns.google
go-updater.brave.com
go-updater.brave.com
componentupdater.brave.com
redirector.brave.com
dns.google

search.brave.com
dns.google
imgs.search.brave.com
imgs.search.brave.com
search.brave.com
en.wikipedia.org

dns.google
search.brave.com
imgs.search.brave.com
search.brave.com
upload.wikimedia.org
dns.google
search.brave.com
dns.google
imgs.search.brave.com
search.brave.com
aws.amazon.com
a0.awsstatic.com
a0.awsstatic.com
a0.awsstatic.com
loader.us-east-1.prod.mrc-sunrise.marketing.aws.dev
d0.m.awsstatic.com
b0.p.awsstatic.com
token.us-west-2.prod.site.p.awsstatic.com
cx0.m.awsstatic.com
prod.pa.cdn.uis.awsstatic.com
b0.p.awsstatic.com
d2c.aws.amazon.com
amazonwebservicesinc.tt.omtrdc.net
fls-na.amazon.com
d2c.aws.amazon.com
chatbot-api.us-east-1.prod.mrc-sunrise.marketing.aws.dev
chat.us-east-1.prod.mrc-sunrise.marketing.aws.dev
us-west-1.prod.pl.panorama.console.api.aws
infra-api.us-east-1.prod.mrc-sunrise.marketing.aws.dev
chat.us-east-1.prod.mrc-sunrise.marketing.aws.dev

dns.google
search.brave.com
dns.google
imgs.search.brave.com
imgs.search.brave.com
imgs.search.brave.com
search.brave.com
search.brave.com
www.geeksforgeeks.org
cdnads.geeksforgeeks.org
utilapi.geeksforgeeks.org
www.google.com
www.google.com
www.google.com
www.google.com

dns.google
search.brave.com
search.brave.com
imgs.search.brave.com
www.paloaltonetworks.com
assets.adobedtm.com
cdn.cookielaw.org
sstats.paloaltonetworks.com
cdn.cookielaw.org
www.paloaltonetworks.com
