
www.google.com
accounts.google.com
www.google.com
google-ohttp-relay-safebrowsing.fastly-edge.com
cdn.jsdelivr.net
tenbluelinks.org
tenbluelinks.org
static.xx.fbcdn.net
mail1.libero.it
static.xx.fbcdn.net
dns.google
dns.google
dns.google
dns.google
optimizationguide-pa.googleapis.com
clientservices.googleapis.com
clientservices.googleapis.com
dns.google
lh3.google.com
history.google.com
lh3.google.com
history.google.com
www.googleadservices.com
www.googletagmanager.com
tunnel.googlezip.net
dns.google
lh3.googleusercontent.com
www.googletagmanager.com
www.googleadservices.com
lh3.googleusercontent.com
tunnel.googlezip.net
dns.google
cdn.ampproject.org
cdn.ampproject.org
cdn.ampproject.org
cdn.ampproject.org
dns.google
tunnel.googlezip.net
play.google.com
waa-pa.clients6.google.com
play.google.com
waa-pa.clients6.google.com
play.google.com
ogads-pa.clients6.google.com
ogads-pa.clients6.google.com
ogads-pa.clients6.google.com
en.wikipedia.org
upload.wikimedia.org
www.google.com
dns.google
update.googleapis.com
dns.google
www.google.com
static.xx.fbcdn.net
mail1.libero.it
www.googleadservices.com
lh3.google.com
www.googletagmanager.com
tunnel.googlezip.net
dns.google
encrypted-tbn0.gstatic.com
lh3.googleusercontent.com
encrypted-tbn0.gstatic.com
www.gstatic.com
www.gstatic.com
dns.google
tunnel.googlezip.net
cdn.ampproject.org
cdn.ampproject.org
play.google.com
www.youtube.com
www.youtube.com
i.ytimg.com
waa-pa.clients6.google.com
googleads.g.doubleclick.net
static.doubleclick.net
googleads.g.doubleclick.net
static.doubleclick.net
www.geeksforgeeks.org

cdnads.geeksforgeeks.org
google-ohttp-relay-safebrowsing.fastly-edge.com
www.googletagmanager.com
securepubads.g.doubleclick.net
apis.google.com
j.6sc.co
securepubads.g.doubleclick.net
apis.google.com
gum.criteo.com
id.crwdcntrl.net
utilapi.geeksforgeeks.org
fundingchoicesmessages.google.com
gum.criteo.com
fundingchoicesmessages.google.com
region1.analytics.google.com
www.google.it
www.google.com
www.googleadservices.com
ipv6.6sc.co
www.googletagmanager.com
region1.analytics.google.com
pagead2.googlesyndication.com
www.googleadservices.com
www.googleadservices.com
www.google.com
fundingchoicesmessages.google.com
pagead2.googlesyndication.com
f5ff80625337e4e0d79ad2c3e57f69b8.safeframe.googlesyndication.com
googleads.g.doubleclick.net
adapi.geeksforgeeks.org
www.google.com
adapi.geeksforgeeks.org
www.google.com
cdnjs.cloudflare.com
ep1.adtrafficquality.google
code.jquery.com
ep1.adtrafficquality.google
ep2.adtrafficquality.google
pagead2.googlesyndication.com
pagead2.googlesyndication.com
htlb.casalemedia.com
ib.adnxs.com
btlr.sharethrough.com
prebid.smilewanted.com
hbopenbid.pubmatic.com
ep1.adtrafficquality.google
ad.doubleclick.net
pagead2.googlesyndication.com
www.googleadservices.com
www.googleadservices.com
www.googleadservices.com
ad.doubleclick.net
ad.doubleclick.net
ep1.adtrafficquality.google
x.bidswitch.net
js-sec.indexww.com
csync.smilewanted.com
acdn.adnxs.com
match.adsrvr.org
ssbsync.smartadserver.com
x.bidswitch.net
ads.pubmatic.com
match.prod.bidr.io
ib.adnxs.com
sync.1rx.io
match.sharethrough.com
rtb-csync.smartadserver.com
gw-iad-bid.ymmobi.com
ep1.adtrafficquality.google
ep1.adtrafficquality.google
ittpx.eskimi.com
onetag-sys.com
creativecdn.com
s.ad.smaato.net
ssc-cms.33across.com
www.googleadservices.com
www.googleadservices.com
www.googleadservices.com

dns.google
beacons.gcp.gvt2.com
beacons.gcp.gvt2.com
beacons.gcp.gvt2.com
beacons.gcp.gvt2.com
e2c82.gcp.gvt2.com
apis.google.com
code.jquery.com
beacons.gcp.gvt2.com
e2c2.gcp.gvt2.com
e2c2.gcp.gvt2.com
static.xx.fbcdn.net
mail1.libero.it
lh3.google.com
www.googleadservices.com
www.googletagmanager.com
tunnel.googlezip.net
dns.google
encrypted-tbn0.gstatic.com
dns.google
tunnel.googlezip.net
cdn.ampproject.org
cdn.ampproject.org
www.youtube.com
www.youtube.com
www.youtube.com
tunnel.googlezip.net
www.gstatic.com
dns.google
waa-pa.clients6.google.com
dns.google
tunnel.googlezip.net
i.ytimg.com
googleads.g.doubleclick.net
e2c62.gcp.gvt2.com
www.coursera.org
www.coursera.org
ogads-pa.clients6.google.com
lh3.google.com
play.google.com
lh3.google.com
play.google.com
lh3.googleusercontent.com
browser.sentry-cdn.com
d3njjcbhbojbot.cloudfront.net
d3njjcbhbojbot.cloudfront.net
o75955.ingest.sentry.io
o75955.ingest.sentry.io
content-autofill.googleapis.com
content-autofill.googleapis.com
accounts.google.com
accounts.google.com
accounts.google.com
beacons.gvt2.com
www.googletagmanager.com
www.googletagmanager.com
px.ads.linkedin.com
px.ads.linkedin.com
geolocation.onetrust.com
px.ads.linkedin.com
px.ads.linkedin.com
px.ads.linkedin.com
px.ads.linkedin.com
www.googleadservices.com
www.google.com
googleads.g.doubleclick.net
px.ads.linkedin.com
px.ads.linkedin.com
www.googletagmanager.com
www.googleadservices.com
www.google.com
googleads.g.doubleclick.net
region1.google-analytics.com
utt.impactcdn.com
www.redditstatic.com
a.quora.com
analytics.tiktok.com
a.quora.com
bat.bing.com
bat.bing.com
alb.reddit.com
imp.i384100.net
www.facebook.com
bat.bing.net
bat.bing.net
tags.coursera.org
www.facebook.com
www.facebook.com
analytics-ipv6.tiktokw.us
beacons.gvt2.com
b1.nel.goog
b1.nel.goog
beacons.gcp.gvt2.com
beacons.gcp.gvt2.com
beacons.gcp.gvt2.com
o75955.ingest.sentry.io
static.xx.fbcdn.net
mail1.libero.it
beacons.gcp.gvt2.com
beacons.gcp.gvt2.com
lh3.google.com
www.googleadservices.com
www.googletagmanager.com
dns.google
tunnel.googlezip.net
encrypted-tbn0.gstatic.com
lh3.googleusercontent.com
www.gstatic.com
dns.google
tunnel.googlezip.net
tunnel.googlezip.net
dns.google
cdn.ampproject.org
cdn.ampproject.org
www.youtube.com
nordvpn.com
play.google.com
www.youtube.com
waa-pa.clients6.google.com
ogads-pa.clients6.google.com
www.youtube.com
i.ytimg.com
waa-pa.clients6.google.com
waa-pa.clients6.google.com
nordvpn.com

googleads.g.doubleclick.net
google-ohttp-relay-safebrowsing.fastly-edge.com
b1.nel.goog
www.googletagmanager.com
s1.nordcdn.com
ic.nordcdn.com
www.googletagmanager.com
sb.nordcdn.com
web-api.nordvpn.com
www.google.it
www.google.it
sb.nordcdn.com
beacons.gcp.gvt2.com
dns.google
clientservices.googleapis.com
dns.google
beacons.gcp.gvt2.com
beacons.gcp.gvt2.com
discover-pa.googleapis.com
b1.nel.goog
b1.nel.goog
clientservices.googleapis.com
clientservices.googleapis.com
clientservices.googleapis.com
clientservices.googleapis.com
dns.google
www.google.com
mail1.libero.it
beacons.gcp.gvt2.com
static.xx.fbcdn.net
lh3.google.com
www.googleadservices.com
www.googletagmanager.com
tunnel.googlezip.net
history.google.com
dns.google
encrypted-tbn0.gstatic.com
lh3.googleusercontent.com
tunnel.googlezip.net
dns.google
www.youtube.com
cdn.ampproject.org
cdn.ampproject.org
waa-pa.clients6.google.com
play.google.com
dns.google
www.geeksforgeeks.org
cdnjs.cloudflare.com

cdnads.geeksforgeeks.org
code.jquery.com
google-ohttp-relay-safebrowsing.fastly-edge.com
gum.criteo.com
id.crwdcntrl.net
utilapi.geeksforgeeks.org
region1.analytics.google.com
www.google.it
gum.criteo.com
ipv6.6sc.co
b.6sc.co
www.googleadservices.com
fundingchoicesmessages.google.com
www.google.com
www.googletagmanager.com
pagead2.googlesyndication.com
www.google.com
googleads.g.doubleclick.net
fundingchoicesmessages.google.com
securepubads.g.doubleclick.net
54094746e19c17a667819c0114bccf7f.safeframe.googlesyndication.com
lh3.googleusercontent.com
lh3.googleusercontent.com
encrypted-tbn0.gstatic.com
encrypted-tbn0.gstatic.com
securepubads.g.doubleclick.net
pagead2.googlesyndication.com
pagead2.googlesyndication.com
securepubads.g.doubleclick.net
adapi.geeksforgeeks.org
ep1.adtrafficquality.google
pagead2.googlesyndication.com
ep2.adtrafficquality.google
prebid.smilewanted.com
htlb.casalemedia.com
btlr.sharethrough.com
ib.adnxs.com
hbopenbid.pubmatic.com
csi.gstatic.com
ep1.adtrafficquality.google
csi.gstatic.com
quake-pa.googleapis.com
csync.smilewanted.com
ads.pubmatic.com
js-sec.indexww.com
u.openx.net
match.adsrvr.org
ssbsync.smartadserver.com
acdn.adnxs.com
ups.analytics.yahoo.com
c1.adform.net
ib.adnxs.com
match.sharethrough.com
ittpx.eskimi.com
ep1.adtrafficquality.google
ep1.adtrafficquality.google
onetag-sys.com
s.ad.smaato.net
creativecdn.com
ssc-cms.33across.com
b1.nel.goog
b1.nel.goog
b1.nel.goog
beacons.gcp.gvt2.com
beacons.gcp.gvt2.com

play.googleapis.com
cdnjs.cloudflare.com
beacons.gcp.gvt2.com
code.jquery.com
e2c17.gcp.gvt2.com
beacons.gvt2.com
beacons.gvt2.com
beacons.gcp.gvt2.com
mail1.libero.it
static.xx.fbcdn.net
lh3.google.com
www.googleadservices.com
www.googletagmanager.com
tunnel.googlezip.net
dns.google
lh3.googleusercontent.com
dns.google
tunnel.googlezip.net
cdn.ampproject.org
cdn.ampproject.org
dns.google
tunnel.googlezip.net
play.google.com
www.gstatic.com

www.coursera.org
www.coursera.org
encrypted-tbn0.gstatic.com
encrypted-tbn1.gstatic.com
encrypted-tbn1.gstatic.com
d3njjcbhbojbot.cloudfront.net
browser.sentry-cdn.com
o75955.ingest.sentry.io
o75955.ingest.sentry.io
content-autofill.googleapis.com
d3njjcbhbojbot.cloudfront.net
www.googleadservices.com
www.googleadservices.com
google.com
google.com
accounts.google.com
accounts.google.com
encrypted-tbn0.gstatic.com
geolocation.onetrust.com
www.youtube.com
www.googleadservices.com
www.google.com
googleads.g.doubleclick.net
px.ads.linkedin.com
px.ads.linkedin.com
www.googletagmanager.com
px.ads.linkedin.com
px.ads.linkedin.com
px.ads.linkedin.com
px.ads.linkedin.com
px.ads.linkedin.com
px.ads.linkedin.com
region1.google-analytics.com
connect.facebook.net
www.redditstatic.com
a.quora.com
connect.facebook.net
analytics.tiktok.com
www.redditstatic.com
bat.bing.com
bat.bing.com
www.youtube.com
imp.i384100.net
alb.reddit.com
tags.coursera.org
bat.bing.net
bat.bing.net
www.facebook.com
analytics-ipv6.tiktokw.us
b1.nel.goog
w3-reporting-nel.reddit.com
beacons.gcp.gvt2.com
dns.google
d3njjcbhbojbot.cloudfront.net
b1.nel.goog
beacons.gcp.gvt2.com
