
www.google.com
accounts.google.com
mail1.libero.it
dns.google
dns.google
dns.google
dns.google

safebrowsing.googleapis.com
lh3.google.com
lh3.google.com
www.googleadservices.com
www.googletagmanager.com
lh3.googleusercontent.com
www.googleadservices.com
dns.google
tunnel.googlezip.net
www.googletagmanager.com
encrypted-tbn2.gstatic.com
lh3.googleusercontent.com
encrypted-tbn2.gstatic.com
www.gstatic.com
tunnel.googlezip.net
dns.google
www.gstatic.com
cdn.ampproject.org
cdn.ampproject.org
www.youtube.com
cdn.ampproject.org
www.youtube.com
cdn.ampproject.org
play.google.com
www.youtube.com
play.google.com
www.youtube.com
play.google.com
dns.google
optimizationguide-pa.googleapis.com
i.ytimg.com
googleads.g.doubleclick.net
static.doubleclick.net
googleads.g.doubleclick.net
www.fortinet.com
dns.google
www.fortinet.com
ogads-pa.clients6.google.com
marvel-b2-cdn.bc0a.com
safebrowsing.google.com
api.consentjs.datagrail.io
assets.adobedtm.com
ogads-pa.clients6.google.com
api.consentjs.datagrail.io
ogads-pa.clients6.google.com
s3049749.t.eloqua.com
cdn.schemaapp.com
fortinet.tt.omtrdc.net
cdn.schemaapp.com
data.schemaapp.com
d2i34c80a0ftze.cloudfront.net
jukebox.pathfactory.com
s3049749.t.eloqua.com
site.fortinet.com
s.webexperiences.com
script.crazyegg.com
st.fullcircleinsights.com
client-registry.mutinycdn.com
bat.bing.com
bat.bing.com
ipv6.6sc.co
api.omappapi.com
secure.adnxs.com
script.crazyegg.com
b.6sc.co
fortinet.my.site.com
jukebox.pathfactory.com
api.schemaapp.com
bat.bing.net
trk.techtarget.com
client-registry.mutinycdn.com
bat.bing.net
ibc-flow.techtarget.com
ibc-flow.techtarget.com
www.googletagmanager.com
api-v2.mutinyhq.io
www.googletagmanager.com
fortinet.my.salesforce-scrt.com
cdn.pathfactory.com
spcollector.pathfactory.com
www.googleadservices.com
www.google.com
www.googletagmanager.com
ad.doubleclick.net
www.googleadservices.com
www.google.com
fortinet.my.site.com
ad.doubleclick.net
spcollector.pathfactory.com
cdn.pathfactory.com
bam.nr-data.net
cdn-app.pathfactory.com
px.ads.linkedin.com
px.ads.linkedin.com
a.omappapi.com
wec-assets.terminus.services
px.ads.linkedin.com
px.ads.linkedin.com
px.ads.linkedin.com
px.ads.linkedin.com
px.ads.linkedin.com
match.adsrvr.org
10104846.fls.doubleclick.net
px.ads.linkedin.com
10104846.fls.doubleclick.net
connect.facebook.net
img.en25.com
static.ads-twitter.com
marvel-b1-cdn.bc0a.com
tags.srv.stackadapt.com
adservice.google.com
px.ads.linkedin.com
analytics.twitter.com
6033413.global.siteimproveanalytics.io
t.co
bam.nr-data.net
www.facebook.com
lantern.fortinet.com
adservice.google.com
px.ads.linkedin.com
apps.global.fortinet.com
lltrck.com
dpm.demdex.net
marvel-processor.bc0a.com
www.facebook.com
fortinet.demdex.net
metrics.fortinet.com
cm.everesttech.net
images.global.fortinet.com
s.ml-attr.com
bam.nr-data.net
bam.nr-data.net
bam.nr-data.net
www.google.com
dns.google
update.googleapis.com
update.googleapis.com
b.6sc.co
bam.nr-data.net
bam.nr-data.net
dns.google
beacons.gcp.gvt2.com
beacons.gcp.gvt2.com
bam.nr-data.net
api-v2.mutinyhq.io
bam.nr-data.net
bam.nr-data.net
spcollector.pathfactory.com
spcollector.pathfactory.com
www.google.com
marvel-b2-cdn.bc0a.com
api.consentjs.datagrail.io
www.fortinet.com
fortinet.my.site.com
www.fortinet.com
client-registry.mutinycdn.com
assets.adobedtm.com
cdn.pathfactory.com
beacons.gcp.gvt2.com
cdn-app.pathfactory.com
a.omappapi.com
bam.nr-data.net
b1.nel.goog
b1.nel.goog
www.google.com
mail1.libero.it
lh3.google.com
www.googleadservices.com
www.googletagmanager.com
tunnel.googlezip.net
dns.google
tunnel.googlezip.net
dns.google
cdn.ampproject.org
cdn.ampproject.org
www.gstatic.com
encrypted-tbn3.gstatic.com
encrypted-tbn2.gstatic.com
play.google.com
waa-pa.clients6.google.com
encrypted-tbn3.gstatic.com
en.wikipedia.org
upload.wikimedia.org
en.wikipedia.org
lh3.google.com
lh3.google.com
b1.nel.goog
beacons.gcp.gvt2.com
beacons.gcp.gvt2.com
www.google.com
www.google.com
mail1.libero.it
beacons.gcp.gvt2.com
dns.google
google.com
google.com
www.googleadservices.com
lh3.google.com
www.googleadservices.com
www.googletagmanager.com
beacons.gcp.gvt2.com
dns.google
tunnel.googlezip.net
encrypted-tbn2.gstatic.com
www.gstatic.com
tunnel.googlezip.net
dns.google
play.google.com
ogads-pa.clients6.google.com
encrypted-tbn3.gstatic.com
lh3.google.com
lh3.googleusercontent.com
www.gstatic.com
www.gstatic.com
encrypted-tbn0.gstatic.com
encrypted-tbn0.gstatic.com
cdn.ampproject.org
cdn.ampproject.org
waa-pa.clients6.google.com
dns.google
www.geeksforgeeks.org
cdnjs.cloudflare.com
code.jquery.com
cdnads.geeksforgeeks.org
safebrowsing.google.com
www.googletagmanager.com
securepubads.g.doubleclick.net
securepubads.g.doubleclick.net
www.googletagmanager.com
api.rlcdn.com
gum.criteo.com
id.crwdcntrl.net
utilapi.geeksforgeeks.org
ipv6.6sc.co
api.rlcdn.com
b.6sc.co
fundingchoicesmessages.google.com
gum.criteo.com
fundingchoicesmessages.google.com
www.google.com
www.googleadservices.com
www.googletagmanager.com
www.google.it
region1.analytics.google.com
www.google.com
www.googleadservices.com
region1.analytics.google.com
fundingchoicesmessages.google.com
pagead2.googlesyndication.com
www.google.it
ae6efb295500f18804003f2a9884f6ad.safeframe.googlesyndication.com
pagead2.googlesyndication.com
www.google.com
adapi.geeksforgeeks.org
googleads.g.doubleclick.net
www.google.com
adapi.geeksforgeeks.org
ep1.adtrafficquality.google
ep1.adtrafficquality.google
ep2.adtrafficquality.google
prebid.smilewanted.com
ep2.adtrafficquality.google
ib.adnxs.com
hbopenbid.pubmatic.com
btlr.sharethrough.com
pagead2.googlesyndication.com
htlb.casalemedia.com
ep2.adtrafficquality.google
fonts.googleapis.com
tpc.googlesyndication.com
fonts.gstatic.com
fonts.gstatic.com
ep1.adtrafficquality.google
fonts.gstatic.com
u.openx.net
csync.smilewanted.com
ads.pubmatic.com
match.adsrvr.org
acdn.adnxs.com
x.bidswitch.net
js-sec.indexww.com
ssbsync.smartadserver.com
cs.admanmedia.com
ib.adnxs.com
c1.adform.net
match.sharethrough.com
x.bidswitch.net
ittpx.eskimi.com
onetag-sys.com
s.ad.smaato.net
creativecdn.com
ssc-cms.33across.com
google.com
dns.google

b1.nel.goog
beacons.gcp.gvt2.com
e2c81.gcp.gvt2.com
cdnjs.cloudflare.com
code.jquery.com
mail1.libero.it
dns.google
encrypted-tbn0.gstatic.com
encrypted-tbn0.gstatic.com
encrypted-tbn0.gstatic.com
encrypted-tbn0.gstatic.com
lh3.google.com
www.googleadservices.com
lh3.googleusercontent.com
www.googletagmanager.com
tunnel.googlezip.net
dns.google
encrypted-tbn0.gstatic.com
www.gstatic.com
dns.google
tunnel.googlezip.net
play.google.com
dns.google
www.cloudflare.com
performance.radar.cloudflare.com
challenges.cloudflare.com
ot.www.cloudflare.com
safebrowsing.google.com
ot.www.cloudflare.com

www.gstatic.com
ipv4-check-perf.radar.cloudflare.com
ipv4-check-perf.radar.cloudflare.com
cedexis-test.akamaized.net
fastly.cedexis-test.com
benchmarks.cdn.compute-pipe.com
benchmarks.cdn-b.compute-pipe.com
benchmarks.cdn-b.compute-pipe.com
benchmarks.cdn-c.compute-pipe.com
p29.cedexis-test.com
benchmark.1e100cdn.net
benchmark.1e100cdn.net
performance.radar.cloudflare.com
beacons.gcp.gvt2.com
beacons.gcp.gvt2.com
beacons.gcp.gvt2.com
mail1.libero.it
beacons.gcp.gvt2.com
dns.google
lh3.google.com
www.googleadservices.com
lh3.googleusercontent.com
dns.google
beacons.gcp.gvt2.com
tunnel.googlezip.net
cdn.ampproject.org
cdn.ampproject.org
tunnel.googlezip.net
dns.google
www.youtube.com
play.google.com
i.ytimg.com
waa-pa.clients6.google.com
googleads.g.doubleclick.net
static.doubleclick.net
www.gstatic.com
cdnjs.cloudflare.com
dns.google
encrypted-tbn1.gstatic.com
encrypted-tbn1.gstatic.com
safebrowsing.google.com
gum.criteo.com
www.google.it
region1.analytics.google.com
id.crwdcntrl.net
www.google.com
ipv6.6sc.co
fundingchoicesmessages.google.com
www.googleadservices.com
www.googletagmanager.com
pagead2.googlesyndication.com
fundingchoicesmessages.google.com
securepubads.g.doubleclick.net
d68adafa2dc65cb340c77da41c953ee1.safeframe.googlesyndication.com
gum.criteo.com
www.google.com
googleads.g.doubleclick.net
pagead2.googlesyndication.com
lh3.googleusercontent.com
lh3.googleusercontent.com
www.google.com
www.google.com
ep1.adtrafficquality.google
cdnjs.cloudflare.com
code.jquery.com
pagead2.googlesyndication.com
ep2.adtrafficquality.google
btlr.sharethrough.com
ib.adnxs.com
ep1.adtrafficquality.google
sync-tm.everesttech.net
match.adsrvr.org
js-sec.indexww.com
acdn.adnxs.com
ups.analytics.yahoo.com
ads.pubmatic.com
match.prod.bidr.io
ssbsync.smartadserver.com
ib.adnxs.com
match.sharethrough.com
rtb-csync.smartadserver.com
ittpx.eskimi.com
ssc-cms.33across.com
onetag-sys.com
b1.nel.goog
beacons.gcp.gvt2.com
cdnjs.cloudflare.com
beacons.gcp.gvt2.com
code.jquery.com
www.google.it
mail1.libero.it
lh3.google.com
www.googleadservices.com
www.googletagmanager.com
tunnel.googlezip.net
dns.google
lh3.googleusercontent.com
encrypted-tbn1.gstatic.com
cdn.ampproject.org
cdn.ampproject.org
dns.google
tunnel.googlezip.net
play.google.com
waa-pa.clients6.google.com
dns.google
www.paloaltonetworks.com
s.go-mpulse.net
safebrowsing.google.com
www.gstatic.com
assets.adobedtm.com
c.go-mpulse.net
geolocation.onetrust.com
www.paloaltonetworks.com
684dd330.akstat.io
www.googleadservices.com
www.googleadservices.com
encrypted-tbn1.gstatic.com
encrypted-tbn2.gstatic.com
encrypted-tbn1.gstatic.com
encrypted-tbn2.gstatic.com
paloaltonetworksintranet.analytics.org.coveo.com
paloaltonetworksintranet.analytics.org.coveo.com
b1.nel.goog
b1.nel.goog
beacons.gcp.gvt2.com
beacons.gcp.gvt2.com
beacons.gcp.gvt2.com
www.google.it
dns.google

s.go-mpulse.net
discover-pa.googleapis.com
encrypted-tbn0.gstatic.com
encrypted-tbn2.gstatic.com
encrypted-tbn3.gstatic.com
encrypted-tbn0.gstatic.com
