
go-updater.brave.com
go-updater.brave.com
go-updater.brave.com
go-updater.brave.com
go-updater.brave.com
go-updater.brave.com
play-fe.googleapis.com
search.brave.com
dns.google
dns.google
dns.google
dns.google
anonymous.ads.brave.com
dns.google
collector.bsg.brave.com
star-randsrv.bsg.brave.com
collector.bsg.brave.com
star-randsrv.bsg.brave.com
imgs.search.brave.com
imgs.search.brave.com
search.brave.com
imgs.search.brave.com
imgs.search.brave.com
www.fortinet.com
www.fortinet.com
www.fortinet.com
www.fortinet.com
www.fortinet.com
www.fortinet.com
api.consentjs.datagrail.io
assets.adobedtm.com
api.consentjs.datagrail.io
s3049749.t.eloqua.com
cdn.schemaapp.com
site.fortinet.com
cdn.schemaapp.com
data.schemaapp.com
s3049749.t.eloqua.com
api.schemaapp.com

play.googleapis.com
dns.google
go-updater.brave.com
componentupdater.brave.com
redirector.brave.com
go-updater.brave.com
redirector.brave.com
star-randsrv.bsg.brave.com
dns.google
collector.bsg.brave.com
collector.bsg.brave.com

dns.google
search.brave.com
search.brave.com
imgs.search.brave.com
imgs.search.brave.com
imgs.search.brave.com
imgs.search.brave.com
search.brave.com
search.brave.com
imgs.search.brave.com
en.wikipedia.org
dns.google
dns.google
search.brave.com
anonymous.ads.brave.com
imgs.search.brave.com
imgs.search.brave.com
search.brave.com
upload.wikimedia.org

play.googleapis.com
dns.google
star-randsrv.bsg.brave.com
collector.bsg.brave.com
collector.bsg.brave.com

spot-pa.googleapis.com
dns.google
search.brave.com
dns.google
imgs.search.brave.com
search.brave.com
aws.amazon.com
a0.awsstatic.com
a0.awsstatic.com
a0.awsstatic.com
loader.us-east-1.prod.mrc-sunrise.marketing.aws.dev
d0.m.awsstatic.com
token.us-west-2.prod.site.p.awsstatic.com
b0.p.awsstatic.com
prod.pa.cdn.uis.awsstatic.com
cx0.m.awsstatic.com
b0.p.awsstatic.com
d2c.aws.amazon.com
fls-na.amazon.com
d2c.aws.amazon.com
chatbot-api.us-east-1.prod.mrc-sunrise.marketing.aws.dev
amazonwebservicesinc.tt.omtrdc.net
eu-west-2.prod.pl.panorama.console.api.aws
chat.us-east-1.prod.mrc-sunrise.marketing.aws.dev
infra-api.us-east-1.prod.mrc-sunrise.marketing.aws.dev
chat.us-east-1.prod.mrc-sunrise.marketing.aws.dev
dns.google
star-randsrv.bsg.brave.com
dns.google
search.brave.com
imgs.search.brave.com
cdn.search.brave.com
cdn.search.brave.com
cdn.search.brave.com
cdn.search.brave.com
imgs.search.brave.com
search.brave.com
www.geeksforgeeks.org
cdnads.geeksforgeeks.org
utilapi.geeksforgeeks.org
www.google.com
www.google.com
www.google.com
www.google.com

dns.google
collector.bsg.brave.com
collector.bsg.brave.com
star-randsrv.bsg.brave.com
dns.google
search.brave.com
imgs.search.brave.com
search.brave.com
www.paloaltonetworks.com
assets.adobedtm.com
cdn.cookielaw.org
sstats.paloaltonetworks.com
cdn.cookielaw.org
www.paloaltonetworks.com
dns.google
collector.bsg.brave.com
collector.bsg.brave.com
