www.perplexity.ai
www.perplexity.ai
www.perplexity.ai
www.perplexity.ai
www.perplexity.ai
nxj0g7.fscdn.eppo.cloud
crashlyticsreports-pa.googleapis.com
www.perplexity.ai
nxj0g7.fscdn.eppo.cloud
www.perplexity.ai
www.perplexity.ai
www.perplexity.ai
api.revenuecat.com
sdk-api-v1.singular.net
js.stripe.com
ah-cdn.merge.dev
fscdn.eppo.cloud
ah-cdn.merge.dev
sdk-api-v1.singular.net
o469727.ingest.us.sentry.io
edge.fullstory.com
o469727.ingest.us.sentry.io
m.stripe.network
m.stripe.com
m.stripe.com
m.stripe.com
img.logo.dev
browser-intake-datadoghq.com
browser-intake-datadoghq.com
browser-intake-datadoghq.com
firebaselogging-pa.googleapis.com
firebaselogging.googleapis.com
www.perplexity.ai
user-gen-media-assets.s3.amazonaws.com


user-gen-media-assets.s3.amazonaws.com

browser-intake-datadoghq.com
browser-intake-datadoghq.com
browser-intake-datadoghq.com
browser-intake-datadoghq.com

events.mapbox.com
events.mapbox.com
quake-pa.googleapis.com


user-gen-media-assets.s3.amazonaws.com

api.revenuecat.com
nxj0g7.fscdn.eppo.cloud


notifications-pa.googleapis.com
