
go-updater.brave.com
go-updater.brave.com
go-updater.brave.com
go-updater.brave.com
go-updater.brave.com
go-updater.brave.com
dns.google
dns.google
dns.google
dns.google
favicons.proxy.brave.com
search.brave.com
dns.google
imgs.search.brave.com
imgs.search.brave.com
search.brave.com
cdn.search.brave.com
cdn.search.brave.com
cdn.search.brave.com
search.brave.com
imgs.search.brave.com
imgs.search.brave.com
imgs.search.brave.com
en.wikipedia.org
en.wikipedia.org
dns.google
go-updater.brave.com
go-updater.brave.com
componentupdater.brave.com
brave-core-ext.s3.brave.com
dns.google
search.brave.com
search.brave.com
search.brave.com
imgs.search.brave.com
imgs.search.brave.com
www.coursera.org
d3njjcbhbojbot.cloudfront.net
d3njjcbhbojbot.cloudfront.net
accounts.google.com
accounts.google.com

dns.google
search.brave.com
anonymous.ads.brave.com
dns.google
dns.google
imgs.search.brave.com
search.brave.com
imgs.search.brave.com
www.cloudflare.com
www.cloudflare.com
www.cloudflare.com
cf-assets.www.cloudflare.com
cf-assets.www.cloudflare.com
performance.radar.cloudflare.com
challenges.cloudflare.com
ot.www.cloudflare.com
performance.radar.cloudflare.com
ot.www.cloudflare.com
challenges.cloudflare.com
challenges.cloudflare.com
fastly.cedexis-test.com
cf-assets.www.cloudflare.com
cf-assets.www.cloudflare.com
api.www.cloudflare.com
api.www.cloudflare.com
p29.cedexis-test.com
cedexis-test.akamaized.net
benchmark.1e100cdn.net
benchmark.1e100cdn.net
benchmarks.cdn-b.compute-pipe.com
benchmarks.cdn-b.compute-pipe.com
benchmarks.cdn-c.compute-pipe.com
benchmarks.cdn.compute-pipe.com
benchmarks.cdn.compute-pipe.com
performance.radar.cloudflare.com
performance.radar.cloudflare.com
dns.google
search.brave.com
imgs.search.brave.com
imgs.search.brave.com
search.brave.com
www.geeksforgeeks.org
apis.google.com
cdnads.geeksforgeeks.org
apis.google.com
cdn.jsdelivr.net
utilapi.geeksforgeeks.org
www.google.com
www.google.com
www.gstatic.com
www.google.com
www.google.com
www.gstatic.com
www.gstatic.com
www.gstatic.com
fonts.gstatic.com
dns.google
search.brave.com

safebrowsing.googleapis.com
cdn.search.brave.com
cdn.search.brave.com
payment.rewards.brave.com
imgs.search.brave.com
search.brave.com
en.wikipedia.org
dns.google
search.brave.com
dns.google
imgs.search.brave.com
imgs.search.brave.com
search.brave.com
imgs.search.brave.com
www.imperva.com
cdn.cookielaw.org
jscloud.net
engage-cybersec.thalesgroup.com
cdn.cookielaw.org
js.driftt.com
js.driftt.com
storage.googleapis.com
storage.googleapis.com
www.imperva.com
bootstrap.driftapi.com
1523881-31.chat.api.drift.com
presence.api.drift.com
engage-cybersec.thalesgroup.com
go.imperva.com
