accounts.google.com
www.google.com
google-ohttp-relay-safebrowsing.fastly-edge.com
tenbluelinks.org
tenbluelinks.org
cdn.jsdelivr.net
play-fe.googleapis.com
people-pa.googleapis.com
people-pa.googleapis.com
footprints-pa.googleapis.com
footprints-pa.googleapis.com
static.xx.fbcdn.net
static.xx.fbcdn.net
mail1.libero.it
dns.google
dns.google
dns.google
www.google.com
dns.google
optimizationguide-pa.googleapis.com
dns.google
clientservices.googleapis.com
lh3.google.com
lh3.google.com
www.googleadservices.com
lh3.googleusercontent.com
www.googletagmanager.com
lh3.googleusercontent.com
www.googletagmanager.com
dns.google
tunnel.googlezip.net
history.google.com
encrypted-tbn2.gstatic.com
history.google.com
encrypted-tbn2.gstatic.com
play.google.com
www.gstatic.com
play.google.com
www.gstatic.com
play.google.com
dns.google
tunnel.googlezip.net
cdn.ampproject.org
cdn.ampproject.org
www.youtube.com
clientservices.googleapis.com
cdn.ampproject.org
cdn.ampproject.org
www.youtube.com
tunnel.googlezip.net
dns.google
www.youtube.com
nordvpn.com
www.youtube.com
i.ytimg.com
ogads-pa.clients6.google.com
ogads-pa.clients6.google.com
ogads-pa.clients6.google.com
ogads-pa.clients6.google.com
googleads.g.doubleclick.net
static.doubleclick.net
googleads.g.doubleclick.net
static.doubleclick.net
nordvpn.com
ic.nordcdn.com
sb.nordcdn.com
s1.nordcdn.com
sb.nordcdn.com
content-autofill.googleapis.com
www.google.it
content-autofill.googleapis.com
www.google.it
debug.nordvpn.com
www.google.com
www.google.com
dns.google
update.googleapis.com
www.google.com
www.google.com

s1.nordcdn.com
dns.google
beacons.gcp.gvt2.com
beacons.gcp.gvt2.com
www.google.com
www.google.com
www.google.com
dns.google
static.xx.fbcdn.net
mail1.libero.it
www.google.com
lh3.google.com
www.googleadservices.com
www.googletagmanager.com
dns.google
tunnel.googlezip.net
dns.google
tunnel.googlezip.net
www.gstatic.com
tunnel.googlezip.net
dns.google
encrypted-tbn2.gstatic.com
content-autofill.googleapis.com
cdn.ampproject.org
cdn.ampproject.org
nordvpn.com
ogads-pa.clients6.google.com

google-ohttp-relay-safebrowsing.fastly-edge.com
encrypted-tbn3.gstatic.com
lh3.google.com
play.google.com
lh3.googleusercontent.com
www.googletagmanager.com
www.googletagmanager.com
www.google.it
www.google.it
www.google.it
content-autofill.googleapis.com
beacons.gcp.gvt2.com
beacons.gcp.gvt2.com
beacons.gcp.gvt2.com
dns.google
www.googletagmanager.com
mail1.libero.it
static.xx.fbcdn.net
lh3.google.com
www.googleadservices.com
www.googletagmanager.com
tunnel.googlezip.net
dns.google
encrypted-tbn2.gstatic.com
encrypted-tbn3.gstatic.com
dns.google
tunnel.googlezip.net
cdn.ampproject.org
cdn.ampproject.org
play.google.com
www.gstatic.com
ogads-pa.clients6.google.com
www.geeksforgeeks.org

cdnjs.cloudflare.com
code.jquery.com
cdnads.geeksforgeeks.org
google-ohttp-relay-safebrowsing.fastly-edge.com
lh3.google.com
www.googletagmanager.com
securepubads.g.doubleclick.net
www.googletagmanager.com
securepubads.g.doubleclick.net
api.rlcdn.com
gum.criteo.com
id.crwdcntrl.net
content-autofill.googleapis.com
utilapi.geeksforgeeks.org
ipv6.6sc.co
b.6sc.co
fundingchoicesmessages.google.com
content-autofill.googleapis.com
gum.criteo.com
region1.analytics.google.com
fundingchoicesmessages.google.com
www.google.it
region1.analytics.google.com
www.googleadservices.com
www.google.com
pagead2.googlesyndication.com
www.googletagmanager.com
www.google.it
pagead2.googlesyndication.com
www.googleadservices.com
www.google.com
fundingchoicesmessages.google.com
googleads.g.doubleclick.net
1bda9b1d674428e1e16b2233bf104481.safeframe.googlesyndication.com
adapi.geeksforgeeks.org
www.google.com
adapi.geeksforgeeks.org
www.google.com
ep1.adtrafficquality.google
ep1.adtrafficquality.google
ep2.adtrafficquality.google
ep2.adtrafficquality.google
htlb.casalemedia.com
prebid.smilewanted.com
btlr.sharethrough.com
hbopenbid.pubmatic.com
ib.adnxs.com
ep2.adtrafficquality.google
pagead2.googlesyndication.com
ep2.adtrafficquality.google
pagead2.googlesyndication.com
csi.gstatic.com
tpc.googlesyndication.com
tpc.googlesyndication.com
ep1.adtrafficquality.google
acdn.adnxs.com
js-sec.indexww.com
match.adsrvr.org
creativecdn.com
ads.pubmatic.com
csync.smilewanted.com
ssbsync.smartadserver.com
sync.1rx.io
ib.adnxs.com
match.sharethrough.com
ittpx.eskimi.com
onetag-sys.com
creativecdn.com
s.ad.smaato.net
ssc-cms.33across.com
beacons.gcp.gvt2.com
beacons.gcp.gvt2.com
cdnjs.cloudflare.com
dns.google
code.jquery.com
google.com
google.com
mail1.libero.it
static.xx.fbcdn.net
lh3.google.com
www.googleadservices.com
www.googletagmanager.com
tunnel.googlezip.net
dns.google
history.google.com
play.google.com
encrypted-tbn0.gstatic.com
encrypted-tbn0.gstatic.com
www.gstatic.com
dns.google
tunnel.googlezip.net
dns.google
dns.google
tunnel.googlezip.net
clientservices.googleapis.com
cdn.ampproject.org
cdn.ampproject.org
ogads-pa.clients6.google.com
www.youtube.com
lh3.google.com
www.youtube.com
lh3.googleusercontent.com
www.youtube.com
i.ytimg.com
googleads.g.doubleclick.net
static.doubleclick.net
nordvpn.com

google-ohttp-relay-safebrowsing.fastly-edge.com
www.google.it
sb.nordcdn.com
content-autofill.googleapis.com
quake-pa.googleapis.com
google.com
beacons.gcp.gvt2.com
beacons.gcp.gvt2.com
sb.nordcdn.com
static.xx.fbcdn.net
mail1.libero.it
lh3.google.com
lh3.googleusercontent.com
www.googleadservices.com
tunnel.googlezip.net
dns.google
encrypted-tbn0.gstatic.com
dns.google
tunnel.googlezip.net
cdn.ampproject.org
cdn.ampproject.org
www.youtube.com
www.youtube.com
play.google.com
www.gstatic.com
cdnjs.cloudflare.com

code.jquery.com
google-ohttp-relay-safebrowsing.fastly-edge.com
ipv6.6sc.co
id.crwdcntrl.net
gum.criteo.com
gum.criteo.com
region1.analytics.google.com
www.google.it
www.google.com
fundingchoicesmessages.google.com
www.googleadservices.com
www.googletagmanager.com
pagead2.googlesyndication.com
www.google.com
content-autofill.googleapis.com
fundingchoicesmessages.google.com
securepubads.g.doubleclick.net
googleads.g.doubleclick.net
51041a1f79c810ddd885fbc8132418bf.safeframe.googlesyndication.com
www.google.com
www.google.com
ep1.adtrafficquality.google
cdnjs.cloudflare.com
ep2.adtrafficquality.google
pagead2.googlesyndication.com
ib.adnxs.com
btlr.sharethrough.com
ep1.adtrafficquality.google
ads.pubmatic.com
js-sec.indexww.com
match.adsrvr.org
acdn.adnxs.com
sync.1rx.io
ssbsync.smartadserver.com
match.prod.bidr.io
match.sharethrough.com
ib.adnxs.com
rtb-csync.smartadserver.com
ittpx.eskimi.com
onetag-sys.com
ssc-cms.33across.com
beacons.gcp.gvt2.com
beacons.gcp.gvt2.com
cdnjs.cloudflare.com
dns.google
code.jquery.com
beacons.gcp.gvt2.com
beacons.gcp.gvt2.com
static.xx.fbcdn.net
mail1.libero.it
lh3.google.com
www.googleadservices.com
www.googletagmanager.com
dns.google
tunnel.googlezip.net
lh3.googleusercontent.com
dns.google
tunnel.googlezip.net
cdn.ampproject.org
cdn.ampproject.org
dns.google
tunnel.googlezip.net
play.google.com
nordvpn.com

google-ohttp-relay-safebrowsing.fastly-edge.com
sb.nordcdn.com
www.google.it
b1.nel.goog
b1.nel.goog
beacons.gcp.gvt2.com
beacons.gcp.gvt2.com
beacons.gcp.gvt2.com
discover-pa.googleapis.com
discover-pa.googleapis.com
encrypted-tbn1.gstatic.com
encrypted-tbn0.gstatic.com
encrypted-tbn0.gstatic.com
encrypted-tbn0.gstatic.com
encrypted-tbn0.gstatic.com
encrypted-tbn0.gstatic.com
encrypted-tbn3.gstatic.com
encrypted-tbn0.gstatic.com
encrypted-tbn3.gstatic.com
b1.nel.goog
