accounts.google.com
www.google.com
optimizationguide-pa.googleapis.com
optimizationguide-pa.googleapis.com
accounts.google.com
www.googleadservices.com
www.googleadservices.com
www.wikipedia.org
cdn.ampproject.org
cdn.ampproject.org
cdn.ampproject.org

waa-pa.clients6.google.com
play.google.com
waa-pa.clients6.google.com
play.google.com
play.google.com
play.google.com
mail1.libero.it
ogads-pa.clients6.google.com
ogads-pa.clients6.google.com
ogads-pa.clients6.google.com
dns.google
dns.google
dns.google
dns.google
optimizationguide-pa.googleapis.com
dns.google
lh3.google.com
lh3.google.com
lh3.googleusercontent.com
www.googletagmanager.com
dns.google
lh3.googleusercontent.com
tunnel.googlezip.net
www.googletagmanager.com
tunnel.googlezip.net
dns.google
en.wikipedia.org
upload.wikimedia.org
content-autofill.googleapis.com
content-autofill.googleapis.com
en.wikipedia.org
dns.google
update.googleapis.com
www.google.com
dns.google
mail1.libero.it
beacons.gcp.gvt2.com
beacons.gcp.gvt2.com
lh3.google.com
www.googletagmanager.com
www.googleadservices.com
dns.google
tunnel.googlezip.net
lh3.googleusercontent.com
cdn.ampproject.org
cdn.ampproject.org
tunnel.googlezip.net
dns.google
play.google.com
dns.google
www.geeksforgeeks.org
cdnjs.cloudflare.com
safebrowsing.google.com
code.jquery.com
cdnads.geeksforgeeks.org
apis.google.com
apis.google.com
ads.pubmatic.com
securepubads.g.doubleclick.net
securepubads.g.doubleclick.net
www.googletagmanager.com
j.6sc.co
securepubads.g.doubleclick.net
www.googletagmanager.com
api.rlcdn.com
securepubads.g.doubleclick.net
id.crwdcntrl.net
gum.criteo.com
fundingchoicesmessages.google.com
id5-sync.com
gum.criteo.com
utilapi.geeksforgeeks.org
fundingchoicesmessages.google.com
ipv6.6sc.co
stats.g.doubleclick.net
region1.analytics.google.com
www.google.it
pagead2.googlesyndication.com
lb.eu-1-id5-sync.com
region1.analytics.google.com
www.google.it
fundingchoicesmessages.google.com
www.googleadservices.com
stats.g.doubleclick.net
www.google.com
www.googletagmanager.com
www.googleadservices.com
fundingchoicesmessages.google.com
pagead2.googlesyndication.com
esp.rtbhouse.com
www.google.com
4ae6ad23a13b972c43a2037672d48d96.safeframe.googlesyndication.com
static.criteo.net
googleads.g.doubleclick.net
adapi.geeksforgeeks.org
ep1.adtrafficquality.google
ep1.adtrafficquality.google
www.gstatic.com
adapi.geeksforgeeks.org
pagead2.googlesyndication.com
ep2.adtrafficquality.google
lh3.googleusercontent.com
ep2.adtrafficquality.google
prebid.smilewanted.com
htlb.casalemedia.com
btlr.sharethrough.com
ib.adnxs.com
hbopenbid.pubmatic.com
www.google.com
www.google.com
ep2.adtrafficquality.google
ep2.adtrafficquality.google
csi.gstatic.com
gum.criteo.com
www.gstatic.com
pagead2.googlesyndication.com
pagead2.googlesyndication.com
www.gstatic.com
googleads.g.doubleclick.net
ad.doubleclick.net
tpc.googlesyndication.com
s0.2mdn.net
ad.doubleclick.net
googleads.g.doubleclick.net
pagead2.googlesyndication.com
ad.doubleclick.net
ad.doubleclick.net
ep1.adtrafficquality.google
www.googletagservices.com
ep1.adtrafficquality.google
www.googleadservices.com
www.googleadservices.com
fonts.gstatic.com
ep1.adtrafficquality.google
fonts.gstatic.com
acdn.adnxs.com
js-sec.indexww.com
cm.g.doubleclick.net
ads.pubmatic.com
csync.smilewanted.com
match.adsrvr.org
ssbsync.smartadserver.com
secure.adnxs.com
cm.g.doubleclick.net
sync.1rx.io
ib.adnxs.com
match.sharethrough.com
image6.pubmatic.com
ups.analytics.yahoo.com
pubmatic-match.dotomi.com
ad.turn.com
image4.pubmatic.com
image2.pubmatic.com
simage2.pubmatic.com
ittpx.eskimi.com
pagead2.googlesyndication.com
pagead2.googlesyndication.com
onetag-sys.com
creativecdn.com
s.ad.smaato.net
ssc-cms.33across.com
x.bidswitch.net
www.googleadservices.com
www.googleadservices.com
www.googleadservices.com

dns.google
beacons.gcp.gvt2.com
cdnjs.cloudflare.com
apis.google.com
beacons.gcp.gvt2.com
code.jquery.com
www.google.it
beacons.gcp.gvt2.com
www.google.com
mail1.libero.it
lh3.google.com
www.googleadservices.com
lh3.googleusercontent.com
www.googletagmanager.com
dns.google
tunnel.googlezip.net
tunnel.googlezip.net
dns.google
cdn.ampproject.org
cdn.ampproject.org
www.youtube.com
www.youtube.com
play.google.com
www.youtube.com
www.youtube.com
www.gstatic.com
www.gstatic.com
i.ytimg.com
www.gstatic.com
content-autofill.googleapis.com
googleads.g.doubleclick.net
static.doubleclick.net
googleads.g.doubleclick.net
ogads-pa.clients6.google.com
lh3.googleusercontent.com
jnn-pa.googleapis.com
jnn-pa.googleapis.com
www.cloudflare.com
dns.google
www.cloudflare.com
challenges.cloudflare.com
performance.radar.cloudflare.com
ot.www.cloudflare.com
safebrowsing.google.com
cf-assets.www.cloudflare.com
www.cloudflare.com
cf-assets.www.cloudflare.com
performance.radar.cloudflare.com
ot.www.cloudflare.com
static.cloudflareinsights.com
challenges.cloudflare.com
challenges.cloudflare.com
performance.radar.cloudflare.com
ot.www.cloudflare.com
ot.www.cloudflare.com
ot.www.cloudflare.com
valid.rpki.cloudflare.com
invalid.rpki.cloudflare.com
cf-assets.www.cloudflare.com
api.www.cloudflare.com
essl-cdxs.edgekey.net
api.www.cloudflare.com
fastly.jsdelivr.net
ptcfc.com
testingcf.jsdelivr.net
p36.cedexis-test.com
jsdelivr.b-cdn.net
performance.radar.cloudflare.com
performance.radar.cloudflare.com
apis.google.com
beacons.gcp.gvt2.com
www.google.it
dns.google
beacons.gcp.gvt2.com
beacons.gcp.gvt2.com
beacons.gcp.gvt2.com
www.google.com
mail1.libero.it
www.google.com
www.google.com
lh3.google.com
www.googleadservices.com
www.googletagmanager.com
lh3.googleusercontent.com
dns.google
tunnel.googlezip.net
encrypted-tbn0.gstatic.com
encrypted-tbn0.gstatic.com
www.gstatic.com
tunnel.googlezip.net
dns.google
play.google.com
cdn.ampproject.org
cdn.ampproject.org
www.youtube.com
i.ytimg.com
googleads.g.doubleclick.net
static.doubleclick.net
ogads-pa.clients6.google.com
static.doubleclick.net
static.doubleclick.net
jnn-pa.googleapis.com
dns.google
www.hpe.com
www.hpe.com
safebrowsing.google.com
s2.go-mpulse.net
smetrics.hpe.com
content-autofill.googleapis.com
consent.trustarc.com
c.go-mpulse.net
js.driftt.com
epsilon.6sense.com
www.googletagmanager.com
adobedc.demdex.net
vid9430.d41.co
www.googletagmanager.com
www.facebook.com
snap.licdn.com
static.ads-twitter.com
bat.bing.com
cdn-app.pathfactory.com
s.ntv.io
bat.bing.com
jadserve.postrelease.com
pixel.everesttech.net
jadserve.postrelease.com
googleads.g.doubleclick.net
www.googleadservices.com
www.google.com
px.ads.linkedin.com
www.googletagmanager.com
px.ads.linkedin.com
px.ads.linkedin.com
t.co
analytics.twitter.com
px.ads.linkedin.com
js.driftt.com
data-fh.ext.hpe.com
www.googletagmanager.com
www.hpe.com
agent.intentiq.com
jukebox.pathfactory.com
ads.pubmatic.com
px.ads.linkedin.com
sync.intentiq.com
px.ads.linkedin.com
postrelease.com
cdn.id5-sync.com
gum.criteo.com
id5-sync.com
match.adsrvr.org
id.crwdcntrl.net
bootstrap.driftapi.com
jukebox.pathfactory.com
gum.criteo.com
t.pubmatic.com
684dd313.akstat.io
lbs.eu-1-id5-sync.com
lb.eu-1-id5-sync.com
metrics.api.drift.com
1529779-29.chat.api.drift.com
presence.api.drift.com
driftt.imgix.net
cdn.amplitude.com
c.6sc.co
4797531.fls.doubleclick.net
di.rlcdn.com
munchkin.marketo.net
storage.googleapis.com
secure.adnxs.com
secure.adnxs.com
di.rlcdn.com
www.googleadservices.com
adservice.google.com
b.6sc.co
analytics-dot-hpe-recommendation-ai.appspot.com
117-szc-407.mktoresp.com
adservice.google.com
googleads.g.doubleclick.net
www.google.com
www.google.com
www.google.it
analytics-dot-hpe-recommendation-ai.appspot.com
beacons.gcp.gvt2.com
beacons.gcp.gvt2.com
dns.google
analytics-dot-hpe-recommendation-ai.appspot.com
beacons.gcp.gvt2.com
beacons.gcp.gvt2.com
www.google.com
mail1.libero.it
lh3.google.com
lh3.googleusercontent.com
www.googleadservices.com
dns.google
tunnel.googlezip.net
www.googletagmanager.com
dns.google
cdn.ampproject.org
cdn.ampproject.org
tunnel.googlezip.net
play.google.com
ogads-pa.clients6.google.com
lh3.googleusercontent.com
lh3.googleusercontent.com
dns.google
www.geeksforgeeks.org
beacons.gcp.gvt2.com
cdnads.geeksforgeeks.org
cdnjs.cloudflare.com
code.jquery.com
safebrowsing.google.com
gum.criteo.com
id.crwdcntrl.net
region1.analytics.google.com
www.google.it
b.6sc.co
content-autofill.googleapis.com
fundingchoicesmessages.google.com
ipv6.6sc.co
www.googleadservices.com
www.google.com
gum.criteo.com
www.googletagmanager.com
utilapi.geeksforgeeks.org
content-autofill.googleapis.com
pagead2.googlesyndication.com
fundingchoicesmessages.google.com
securepubads.g.doubleclick.net
1322d98ea542eba8c57ab55d461722aa.safeframe.googlesyndication.com
googleads.g.doubleclick.net
www.google.com
pagead2.googlesyndication.com
adapi.geeksforgeeks.org
www.google.it
www.google.it
www.google.com
www.google.com
cdnjs.cloudflare.com
ep1.adtrafficquality.google
htlb.casalemedia.com
htlb.casalemedia.com
btlr.sharethrough.com
prebid.smilewanted.com
ib.adnxs.com
hbopenbid.pubmatic.com
ep2.adtrafficquality.google
pagead2.googlesyndication.com
1322d98ea542eba8c57ab55d461722aa.safeframe.googlesyndication.com
pagead2.googlesyndication.com
googleads.g.doubleclick.net
ad.doubleclick.net
www.googleadservices.com
www.googleadservices.com
ep1.adtrafficquality.google
ep1.adtrafficquality.google
ad.doubleclick.net
ad.doubleclick.net
ads.pubmatic.com
js-sec.indexww.com
acdn.adnxs.com
cms.quantserve.com
match.adsrvr.org
ups.analytics.yahoo.com
ssbsync.smartadserver.com
creativecdn.com
ib.adnxs.com
match.sharethrough.com
pagead2.googlesyndication.com
pagead2.googlesyndication.com
ittpx.eskimi.com
ep1.adtrafficquality.google
ep1.adtrafficquality.google
www.googleadservices.com
www.googleadservices.com
www.googleadservices.com
onetag-sys.com
onetag-sys.com
creativecdn.com
ssc-cms.33across.com
beacons.gcp.gvt2.com
cdnjs.cloudflare.com
googleads.g.doubleclick.net
dns.google
code.jquery.com
google.com
google.com
googleads.g.doubleclick.net
googleads.g.doubleclick.net
beacons.gcp.gvt2.com
beacons.gcp.gvt2.com
dns.google
www.google.com
beacons.gcp.gvt2.com
mail1.libero.it
beacons.gcp.gvt2.com
beacons.gcp.gvt2.com
beacons.gcp.gvt2.com
google.com
lh3.google.com
www.googleadservices.com
lh3.googleusercontent.com
www.googletagmanager.com
tunnel.googlezip.net
dns.google
cdn.ampproject.org
cdn.ampproject.org
dns.google
tunnel.googlezip.net
ogads-pa.clients6.google.com
dns.google
www.imperva.com
cdn.cookielaw.org
jscloud.net
storage.googleapis.com
engage-cybersec.thalesgroup.com
safebrowsing.google.com
fonts.gstatic.com
cdn.cookielaw.org
www.googletagmanager.com
j.6sc.co
www.googletagmanager.com
imperva.containers.piwik.pro
tag.demandbase.com
js.driftt.com
ipv6.6sc.co
s.company-target.com
id.rlcdn.com
api.company-target.com
imperva.piwik.pro
s.company-target.com
imperva.piwik.pro
epsilon.6sense.com
region1.analytics.google.com
www.google.it
stats.g.doubleclick.net
tag-logger.demandbase.com
www.google-analytics.com
epsilon.6sense.com
region1.analytics.google.com
www.imperva.com
www.google.it
stats.g.doubleclick.net
js.driftt.com
bam.nr-data.net
bootstrap.driftapi.com
metrics.api.drift.com
1523881-31.chat.api.drift.com
presence.api.drift.com
dns.google
beacons.gcp.gvt2.com
content-autofill.googleapis.com
engage-cybersec.thalesgroup.com
go.imperva.com
storage.googleapis.com
