dns.google
dns.google
dns.google
dns.google
favicons.proxy.brave.com
search.brave.com
favicons.proxy.brave.com
cdn.search.brave.com
cdn.search.brave.com
cdn.search.brave.com
cdn.search.brave.com
search.brave.com
en.wikipedia.org
dns.google
go-updater.brave.com
componentupdater.brave.com
redirector.brave.com
dns.google
search.brave.com
search.brave.com
anonymous.ads.brave.com
search.brave.com
imgs.search.brave.com
search.brave.com
imgs.search.brave.com
imgs.search.brave.com
www.coursera.org
accounts.google.com
accounts.google.com
dns.google
search.brave.com
search.brave.com
search.brave.com
search.brave.com
imgs.search.brave.com
www.cloudflare.com
cf-assets.www.cloudflare.com
performance.radar.cloudflare.com
ot.www.cloudflare.com
challenges.cloudflare.com
ipv4-check-perf.radar.cloudflare.com
ipv4-check-perf.radar.cloudflare.com

fastly.jsdelivr.net
ptcfc.com
jsdelivr.b-cdn.net
testingcf.jsdelivr.net
p36.cedexis-test.com
essl-cdxs.edgekey.net
performance.radar.cloudflare.com
dns.google
search.brave.com
search.brave.com
search.brave.com
imgs.search.brave.com
www.geeksforgeeks.org
cdnads.geeksforgeeks.org
utilapi.geeksforgeeks.org
www.google.com
www.google.com
www.google.com
www.google.com

dns.google
search.brave.com
imgs.search.brave.com
search.brave.com
en.wikipedia.org

spot-pa.googleapis.com
dns.google
search.brave.com
dns.google
imgs.search.brave.com
imgs.search.brave.com
imgs.search.brave.com

safebrowsing.googleapis.com
search.brave.com
www.imperva.com
js.driftt.com
js.driftt.com
storage.googleapis.com
storage.googleapis.com
www.imperva.com
bootstrap.driftapi.com
1523881-31.chat.api.drift.com
presence.api.drift.com
dns.google
engage-cybersec.thalesgroup.com
go.imperva.com
engage-cybersec.thalesgroup.com

en.wikipedia.org
go-updater.brave.com
go-updater.brave.com
go-updater.brave.com
go-updater.brave.com
go-updater.brave.com
go-updater.brave.com
cdnads.geeksforgeeks.org
utilapi.geeksforgeeks.org
www.cloudflare.com
www.coursera.org
performance.radar.cloudflare.com
p29.cedexis-test.com
www.geeksforgeeks.org
