
go-updater.brave.com
go-updater.brave.com
go-updater.brave.com
go-updater.brave.com
go-updater.brave.com
go-updater.brave.com
dns.google
dns.google
dns.google
dns.google
search.brave.com
play.googleapis.com
search.brave.com
dns.google
imgs.search.brave.com
star-randsrv.bsg.brave.com
star-randsrv.bsg.brave.com
cdn.search.brave.com
cdn.search.brave.com
imgs.search.brave.com
imgs.search.brave.com
search.brave.com
imgs.search.brave.com
en.wikipedia.org
dns.google
collector.bsg.brave.com
go-updater.brave.com
componentupdater.brave.com
brave-core-ext.s3.brave.com
redirector.brave.com
collector.bsg.brave.com
dns.google
star-randsrv.bsg.brave.com
dns.google
search.brave.com
anonymous.ads.brave.com
imgs.search.brave.com
search.brave.com
imgs.search.brave.com
imgs.search.brave.com
www.geeksforgeeks.org
apis.google.com
cdnads.geeksforgeeks.org
media.geeksforgeeks.org
apis.google.com
cdn.jsdelivr.net
utilapi.geeksforgeeks.org
www.google.com
www.google.com
www.gstatic.com
www.google.com
www.google.com
www.gstatic.com
www.gstatic.com
fonts.gstatic.com
fonts.gstatic.com
dns.google
dns.google

dns.google
search.brave.com
search.brave.com
search.brave.com
search.brave.com
imgs.search.brave.com
imgs.search.brave.com
www.cloudflare.com
www.cloudflare.com
www.cloudflare.com
cf-assets.www.cloudflare.com
cf-assets.www.cloudflare.com
challenges.cloudflare.com
performance.radar.cloudflare.com
ot.www.cloudflare.com
performance.radar.cloudflare.com
ot.www.cloudflare.com
challenges.cloudflare.com
challenges.cloudflare.com
fastly.jsdelivr.net
essl-cdxs.edgekey.net
cf-assets.www.cloudflare.com
cf-assets.www.cloudflare.com
api.www.cloudflare.com
p36.cedexis-test.com
api.www.cloudflare.com
jsdelivr.b-cdn.net
ptcfc.com
testingcf.jsdelivr.net
invalid.rpki.cloudflare.com
valid.rpki.cloudflare.com
performance.radar.cloudflare.com
performance.radar.cloudflare.com
dns.google
collector.bsg.brave.com

play.googleapis.com
dns.google
dns.google
search.brave.com
imgs.search.brave.com
search.brave.com
imgs.search.brave.com
imgs.search.brave.com
www.google.com
dns.google
star-randsrv.bsg.brave.com
star-randsrv.bsg.brave.com
dns.google
search.brave.com
imgs.search.brave.com
search.brave.com
dns.google
en.wikipedia.org
dns.google
dns.google
dns.google
search.brave.com
dns.google
imgs.search.brave.com
imgs.search.brave.com
imgs.search.brave.com
imgs.search.brave.com
imgs.search.brave.com
search.brave.com
www.imperva.com
cdn.cookielaw.org
jscloud.net
engage-cybersec.thalesgroup.com
cdn.cookielaw.org
js.driftt.com
js.driftt.com
storage.googleapis.com
www.imperva.com
bootstrap.driftapi.com
1523881-31.chat.api.drift.com
presence.api.drift.com

quake-pa.googleapis.com
dns.google
dns.google

engage-cybersec.thalesgroup.com
go.imperva.com
