
go-updater.brave.com
go-updater.brave.com
go-updater.brave.com
go-updater.brave.com
go-updater.brave.com
go-updater.brave.com
dns.google
dns.google
dns.google
dns.google
search.brave.com
search.brave.com
en.wikipedia.org
dns.google
go-updater.brave.com
componentupdater.brave.com
dns.google
search.brave.com
dns.google
imgs.search.brave.com
imgs.search.brave.com
imgs.search.brave.com
search.brave.com
search.brave.com
dns.google
search.brave.com
search.brave.com
anonymous.ads.brave.com
search.brave.com
search.brave.com
dns.google
search.brave.com
dns.google
imgs.search.brave.com

play.googleapis.com
cdn.search.brave.com
cdn.search.brave.com
cdn.search.brave.com
cdn.search.brave.com
search.brave.com
loader.us-east-1.prod.mrc-sunrise.marketing.aws.dev
d0.m.awsstatic.com
b0.p.awsstatic.com
cx0.m.awsstatic.com
prod.pa.cdn.uis.awsstatic.com
b0.p.awsstatic.com
d2c.aws.amazon.com
b0.p.awsstatic.com
fls-na.amazon.com
d2c.aws.amazon.com
amazonwebservicesinc.tt.omtrdc.net
chatbot-api.us-east-1.prod.mrc-sunrise.marketing.aws.dev
chat.us-east-1.prod.mrc-sunrise.marketing.aws.dev
us-west-1.prod.pl.panorama.console.api.aws
infra-api.us-east-1.prod.mrc-sunrise.marketing.aws.dev
chat.us-east-1.prod.mrc-sunrise.marketing.aws.dev
jhewqjrl5k.execute-api.us-west-2.amazonaws.com
dns.google
search.brave.com
search.brave.com
search.brave.com
www.geeksforgeeks.org
cdnads.geeksforgeeks.org
utilapi.geeksforgeeks.org
www.google.com
www.google.com
www.google.com
dns.google
search.brave.com
search.brave.com
www.paloaltonetworks.com
www.paloaltonetworks.com

go-updater.brave.com
go-updater.brave.com
go-updater.brave.com
go-updater.brave.com
go-updater.brave.com
go-updater.brave.com
www.paloaltonetworks.com
