
accounts.google.com
www.google.com
www.google.com
tenbluelinks.org
mail1.libero.it
dns.google
dns.google
dns.google
dns.google
encrypted-tbn0.gstatic.com
optimizationguide-pa.googleapis.com
dns.google
lh3.google.com
www.googleadservices.com
lh3.google.com
www.googletagmanager.com
tunnel.googlezip.net
www.googleadservices.com
dns.google
www.googletagmanager.com
lh3.googleusercontent.com
lh3.googleusercontent.com
dns.google
tunnel.googlezip.net
cdn.ampproject.org
cdn.ampproject.org
cdn.ampproject.org
www.youtube.com
cdn.ampproject.org
www.youtube.com
googleads.g.doubleclick.net
i.ytimg.com
googleads.g.doubleclick.net
play.google.com
play.google.com
play.google.com
ogads-pa.clients6.google.com
ogads-pa.clients6.google.com
ogads-pa.clients6.google.com
jnn-pa.googleapis.com
jnn-pa.googleapis.com
en.wikipedia.org
upload.wikimedia.org
www.google.com
dns.google
www.google.com
dns.google
update.googleapis.com
www.google.com
dns.google
beacons.gcp.gvt2.com
beacons.gcp.gvt2.com
mail1.libero.it
beacons.gcp.gvt2.com
lh3.google.com
www.googleadservices.com
www.googletagmanager.com
dns.google
tunnel.googlezip.net
lh3.googleusercontent.com
encrypted-tbn0.gstatic.com
www.gstatic.com
tunnel.googlezip.net
encrypted-tbn0.gstatic.com
dns.google
www.gstatic.com
cdn.ampproject.org
cdn.ampproject.org
www.youtube.com
play.google.com
i.ytimg.com
googleads.g.doubleclick.net
ogads-pa.clients6.google.com
t3.gstatic.com
encrypted-tbn2.gstatic.com
t3.gstatic.com
encrypted-tbn2.gstatic.com
jnn-pa.googleapis.com
www.geeksforgeeks.org
dns.google
cdnjs.cloudflare.com
safebrowsing.google.com
code.jquery.com
cdnads.geeksforgeeks.org
apis.google.com
www.googletagmanager.com
securepubads.g.doubleclick.net
j.6sc.co
securepubads.g.doubleclick.net
www.googletagmanager.com
gum.criteo.com
fundingchoicesmessages.google.com
utilapi.geeksforgeeks.org
id.crwdcntrl.net
apis.google.com
ipv6.6sc.co
region1.analytics.google.com
www.google.it
gum.criteo.com
www.googleadservices.com
www.google.com
www.googletagmanager.com
www.google.it
www.google.com
pagead2.googlesyndication.com
fundingchoicesmessages.google.com
www.googleadservices.com
content-autofill.googleapis.com
a3f1143f221d81f6d14c6a2c0c88c19a.safeframe.googlesyndication.com
www.google.com
adapi.geeksforgeeks.org
content-autofill.googleapis.com
googleads.g.doubleclick.net
www.google.com
adapi.geeksforgeeks.org
ep1.adtrafficquality.google
ep1.adtrafficquality.google
ep2.adtrafficquality.google
htlb.casalemedia.com
pagead2.googlesyndication.com
prebid.smilewanted.com
btlr.sharethrough.com
ib.adnxs.com
hbopenbid.pubmatic.com
pagead2.googlesyndication.com
tpc.googlesyndication.com
tpc.googlesyndication.com
ep1.adtrafficquality.google
csync.smilewanted.com
u.openx.net
acdn.adnxs.com
js-sec.indexww.com
ssbsync.smartadserver.com
ads.pubmatic.com
ups.analytics.yahoo.com
match.adsrvr.org
ib.adnxs.com
match.sharethrough.com
u.openx.net
ittpx.eskimi.com
ep1.adtrafficquality.google
ep1.adtrafficquality.google
s.ad.smaato.net
onetag-sys.com
creativecdn.com
ssc-cms.33across.com
dns.google
beacons.gcp.gvt2.com
beacons.gcp.gvt2.com
beacons.gcp.gvt2.com
beacons.gcp.gvt2.com
e2c84.gcp.gvt2.com
apis.google.com
beacons.gcp.gvt2.com
beacons.gvt2.com
beacons.gcp.gvt2.com
beacons.gvt2.com
cdnjs.cloudflare.com
code.jquery.com
mail1.libero.it
lh3.google.com
www.googleadservices.com
www.googletagmanager.com
dns.google
tunnel.googlezip.net
cdn.ampproject.org
cdn.ampproject.org
www.youtube.com
tunnel.googlezip.net
dns.google
www.youtube.com
www.youtube.com
i.ytimg.com
www.gstatic.com
googleads.g.doubleclick.net
safebrowsing.google.com
www.cloudflare.com
ot.www.cloudflare.com
performance.radar.cloudflare.com
challenges.cloudflare.com
ot.www.cloudflare.com
benchmarks.cdn-c.compute-pipe.com
benchmarks.cdn-b.compute-pipe.com
benchmarks.cdn-b.compute-pipe.com
lh3.google.com
play.google.com
lh3.google.com
play.google.com
benchmarks.cdn.compute-pipe.com
benchmarks.cdn.compute-pipe.com
p29.cedexis-test.com
cedexis-test.akamaized.net
benchmark.1e100cdn.net
fastly.cedexis-test.com
performance.radar.cloudflare.com
b1.nel.goog
b1.nel.goog
beacons.gcp.gvt2.com
apis.google.com

dns.google
google.com
google.com
mail1.libero.it
b1.nel.goog
beacons.gcp.gvt2.com
lh3.google.com
www.googleadservices.com
www.googletagmanager.com
dns.google
tunnel.googlezip.net
www.googletagmanager.com
www.youtube.com
cdn.ampproject.org
cdn.ampproject.org
tunnel.googlezip.net
dns.google
www.youtube.com
i.ytimg.com
googleads.g.doubleclick.net
ogads-pa.clients6.google.com
lh3.google.com
play.google.com
jnn-pa.googleapis.com
lh3.googleusercontent.com
www.googleadservices.com
www.googleadservices.com
safebrowsing.google.com
www.hpe.com
cdn-app.pathfactory.com
www.googletagmanager.com
c.go-mpulse.net
smetrics.hpe.com
js.driftt.com
www.googletagmanager.com
data-fh.ext.hpe.com
googleads.g.doubleclick.net
static.ads-twitter.com
www.facebook.com
bat.bing.com
px.ads.linkedin.com
px.ads.linkedin.com
bat.bing.com
googleads.g.doubleclick.net
js.driftt.com
pixel.everesttech.net
jadserve.postrelease.com
www.facebook.com
px.ads.linkedin.com
px.ads.linkedin.com
www.google.com
px.ads.linkedin.com
px.ads.linkedin.com
www.googletagmanager.com
www.google.com
analytics.twitter.com
gum.criteo.com
t.co
id.crwdcntrl.net
px.ads.linkedin.com
jukebox.pathfactory.com
gum.criteo.com
px.ads.linkedin.com
postrelease.com
jukebox.pathfactory.com
02179915.akstat.io
bootstrap.driftapi.com
trial-eum-clientnsv4-s.akamaihd.net
trial-eum-clienttons-s.akamaihd.net
r7q6lkk7msvr22jx7jma-p0orrk-db1829ae1-clientnsv4-s.akamaihd.net
143-225-229-169_s-95-101-34-32_ts-1765276248-clienttons-s.akamaihd.net
metrics.api.drift.com
1529779-29.chat.api.drift.com
presence.api.drift.com
di.rlcdn.com
4797531.fls.doubleclick.net
secure.adnxs.com
storage.googleapis.com
117-szc-407.mktoresp.com
di.rlcdn.com
b.6sc.co
adservice.google.com
analytics-dot-hpe-recommendation-ai.appspot.com
www.googleadservices.com
analytics-dot-hpe-recommendation-ai.appspot.com
www.googleadservices.com
adservice.google.com
googleads.g.doubleclick.net
googleads.g.doubleclick.net
www.google.com
www.google.it
dns.google

b1.nel.goog
google.com
beacons.gcp.gvt2.com
beacons.gcp.gvt2.com
cdn-app.pathfactory.com
mail1.libero.it
beacons.gcp.gvt2.com
lh3.google.com
www.googleadservices.com
www.googletagmanager.com
dns.google
tunnel.googlezip.net
encrypted-tbn0.gstatic.com
dns.google
tunnel.googlezip.net
cdn.ampproject.org
cdn.ampproject.org
www.youtube.com
www.youtube.com
i.ytimg.com
dns.google
www.facebook.com
fonts.gstatic.com

cdn.jsdelivr.net
fonts.googleapis.com
googleads.g.doubleclick.net
sathee.iitk.ac.in
sathee.iitk.ac.in
safebrowsing.google.com
fonts.gstatic.com
sathee.iitk.ac.in
sathee.iitk.ac.in
sathee.iitk.ac.in
sathee.iitk.ac.in
connect.facebook.net
www.googletagmanager.com
www.googletagmanager.com
q.quora.com
a.quora.com
cdn.jsdelivr.net
www.clarity.ms
www.redditstatic.com
snap.licdn.com
www.facebook.com
content-autofill.googleapis.com
alb.reddit.com
region1.google-analytics.com
scripts.clarity.ms
pixel-config.reddit.com
region1.google-analytics.com
scripts.clarity.ms
px.ads.linkedin.com
px.ads.linkedin.com
px.ads.linkedin.com
px.ads.linkedin.com
px.ads.linkedin.com
fonts.googleapis.com
y.clarity.ms
y.clarity.ms
b1.nel.goog
y.clarity.ms
y.clarity.ms
beacons.gcp.gvt2.com
beacons.gcp.gvt2.com
fonts.googleapis.com
www.facebook.com
google.com
cdn.jsdelivr.net
beacons.gcp.gvt2.com
fonts.gstatic.com
e2c12.gcp.gvt2.com
q.quora.com
mail1.libero.it
beacons.gvt2.com
y.clarity.ms
b1.nel.goog
lh3.google.com
lh3.googleusercontent.com
www.googleadservices.com
www.googletagmanager.com
tunnel.googlezip.net
dns.google
cdn.ampproject.org
cdn.ampproject.org
www.gstatic.com
tunnel.googlezip.net
dns.google
ogads-pa.clients6.google.com
dns.google
www.imperva.com
cdn.cookielaw.org
storage.googleapis.com
jscloud.net
engage-cybersec.thalesgroup.com
fonts.gstatic.com
safebrowsing.google.com
lh3.googleusercontent.com
lh3.googleusercontent.com
www.googletagmanager.com
www.googletagmanager.com
tag.demandbase.com
js.driftt.com
imperva.containers.piwik.pro
b.6sc.co
ipv6.6sc.co
epsilon.6sense.com
s.company-target.com
id.rlcdn.com
api.company-target.com
id.rlcdn.com
s.company-target.com
epsilon.6sense.com
imperva.piwik.pro
imperva.piwik.pro
www.google.it
tag-logger.demandbase.com
region1.analytics.google.com
www.imperva.com
stats.g.doubleclick.net
region1.analytics.google.com
js.driftt.com
bam.nr-data.net
bootstrap.driftapi.com
metrics.api.drift.com
1523881-31.chat.api.drift.com
presence.api.drift.com
beacons.gcp.gvt2.com
dns.google

beacons.gcp.gvt2.com
beacons.gcp.gvt2.com
b1.nel.goog
engage-cybersec.thalesgroup.com
go.imperva.com
cdn.cookielaw.org
jscloud.net
storage.googleapis.com
