
safebrowsing.googleapis.com
www.google.com
accounts.google.com
www.google.com
tunnel.googlezip.net
optimizationguide-pa.googleapis.com
www.googleadservices.com
www.googleadservices.com
optimizationguide-pa.googleapis.com
play-fe.googleapis.com
play.googleapis.com
cdn.ampproject.org
cdn.ampproject.org
cdn.ampproject.org
cdn.ampproject.org
tunnel.googlezip.net
play.googleapis.com
play.google.com
play.google.com
static.xx.fbcdn.net
mail1.libero.it
play.google.com
static.xx.fbcdn.net
ogads-pa.clients6.google.com
ogads-pa.clients6.google.com
ogads-pa.clients6.google.com
dns.google
dns.google
dns.google
dns.google
dns.google
dns.google
ogads-pa.clients6.google.com
dns.google
optimizationguide-pa.googleapis.com
clientservices.googleapis.com
clientservices.googleapis.com
www.google.com
lh3.googleusercontent.com
www.googleadservices.com
lh3.googleusercontent.com
www.googletagmanager.com
tunnel.googlezip.net
dns.google
www.googletagmanager.com
cdn.ampproject.org
cdn.ampproject.org
tunnel.googlezip.net
dns.google
waa-pa.clients6.google.com
waa-pa.clients6.google.com
www.geeksforgeeks.org
cdnjs.cloudflare.com

cdnads.geeksforgeeks.org
code.jquery.com
assets.geeksforgeeks.org
google-ohttp-relay-safebrowsing.fastly-edge.com
media.geeksforgeeks.org
www.googletagmanager.com
securepubads.g.doubleclick.net
www.googletagmanager.com
gum.criteo.com
securepubads.g.doubleclick.net
fundingchoicesmessages.google.com
ipv6.6sc.co
id.crwdcntrl.net
b.6sc.co
fundingchoicesmessages.google.com
content-autofill.googleapis.com
utilapi.geeksforgeeks.org
gum.criteo.com
content-autofill.googleapis.com
region1.analytics.google.com
www.google.it
www.googleadservices.com
www.google.com
www.googletagmanager.com
pagead2.googlesyndication.com
www.googleadservices.com
fundingchoicesmessages.google.com
region1.analytics.google.com
www.google.it
www.google.com
fundingchoicesmessages.google.com
pagead2.googlesyndication.com
ffa80f895191fbeae59fbe68ecef58a8.safeframe.googlesyndication.com
googleads.g.doubleclick.net
adapi.geeksforgeeks.org
ep1.adtrafficquality.google
ep1.adtrafficquality.google
www.google.com
ep2.adtrafficquality.google
www.google.com
adapi.geeksforgeeks.org
htlb.casalemedia.com
btlr.sharethrough.com
prebid.smilewanted.com
ib.adnxs.com
hbopenbid.pubmatic.com
ep2.adtrafficquality.google
pagead2.googlesyndication.com
pagead2.googlesyndication.com
googleads.g.doubleclick.net
ad.doubleclick.net
pagead2.googlesyndication.com
s0.2mdn.net
pagead2.googlesyndication.com
www.googleadservices.com
ad.doubleclick.net
s0.2mdn.net
googleads.g.doubleclick.net
ep1.adtrafficquality.google
ep1.adtrafficquality.google
ad.doubleclick.net
ep1.adtrafficquality.google
www.googleadservices.com
www.googleadservices.com
ep1.adtrafficquality.google
ad.doubleclick.net
js-sec.indexww.com
u.openx.net
csync.smilewanted.com
match.adsrvr.org
acdn.adnxs.com
ads.pubmatic.com
creativecdn.com
ssbsync.smartadserver.com
stx-match.dotomi.com
u.openx.net
ib.adnxs.com
match.sharethrough.com
ittpx.eskimi.com
onetag-sys.com
s.ad.smaato.net
creativecdn.com
www.googleadservices.com
www.googleadservices.com
www.googleadservices.com
ssc-cms.33across.com
www.googleadservices.com
dns.google
dns.google
beacons.gcp.gvt2.com
googleads.g.doubleclick.net
cdnjs.cloudflare.com
code.jquery.com
dns.google
clientservices.googleapis.com
googleads.g.doubleclick.net
googleads.g.doubleclick.net
static.xx.fbcdn.net
mail1.libero.it
beacons.gcp.gvt2.com
www.google.com
lh3.google.com
lh3.google.com
www.googleadservices.com
lh3.googleusercontent.com
www.googletagmanager.com
dns.google
tunnel.googlezip.net
dns.google
tunnel.googlezip.net
cdn.ampproject.org
cdn.ampproject.org
waa-pa.clients6.google.com
en.wikipedia.org
upload.wikimedia.org
content-autofill.googleapis.com
content-autofill.googleapis.com
www.googleadservices.com
www.googleadservices.com
www.googletagmanager.com
www.googletagmanager.com
lh3.googleusercontent.com
dns.google
clientservices.googleapis.com
dns.google

mail1.libero.it
static.xx.fbcdn.net
www.google.com
lh3.google.com
lh3.googleusercontent.com
www.googletagmanager.com
www.googleadservices.com
dns.google
tunnel.googlezip.net
cdn.ampproject.org
cdn.ampproject.org
tunnel.googlezip.net
dns.google
waa-pa.clients6.google.com
www.coursera.org
www.coursera.org
dns.google
tunnel.googlezip.net
d3njjcbhbojbot.cloudfront.net
d3njjcbhbojbot.cloudfront.net
browser.sentry-cdn.com
d3njjcbhbojbot.cloudfront.net
d3njjcbhbojbot.cloudfront.net
d3njjcbhbojbot.cloudfront.net
o75955.ingest.sentry.io
content-autofill.googleapis.com
content-autofill.googleapis.com
lh3.googleusercontent.com
accounts.google.com
accounts.google.com
google.com
accounts.google.com
www.google.com
accounts.google.com
accounts.google.com
accounts.google.com
lh3.googleusercontent.com
lh3.googleusercontent.com
lh3.googleusercontent.com
lh3.googleusercontent.com
www.googletagmanager.com
www.googletagmanager.com
cdn.cookielaw.org
cdn.cookielaw.org
cdn.cookielaw.org
snap.licdn.com
cdn.cookielaw.org
geolocation.onetrust.com
www.googleadservices.com
googleads.g.doubleclick.net
www.google.com
www.googletagmanager.com
px.ads.linkedin.com
px.ads.linkedin.com
px.ads.linkedin.com
px.ads.linkedin.com
px.ads.linkedin.com
region1.analytics.google.com
www.google.it
stats.g.doubleclick.net
connect.facebook.net
utt.impactcdn.com
www.redditstatic.com
bat.bing.com
analytics.tiktok.com
bat.bing.com
a.quora.com
pixel-config.reddit.com
alb.reddit.com
px.ads.linkedin.com
tags.coursera.org
imp.i384100.net
bat.bing.net
bat.bing.net
www.facebook.com
www.facebook.com
analytics-ipv6.tiktokw.us
www.ojrq.net
dns.google
clientservices.googleapis.com
dns.google

beacons.gcp.gvt2.com
q.quora.com
o75955.ingest.sentry.io
mail1.libero.it
static.xx.fbcdn.net
www.google.com
lh3.google.com
history.google.com
www.googleadservices.com
history.google.com
www.googletagmanager.com
dns.google
tunnel.googlezip.net
lh3.googleusercontent.com
cdn.ampproject.org
cdn.ampproject.org
dns.google
tunnel.googlezip.net
dns.google
tunnel.googlezip.net
play.google.com
waa-pa.clients6.google.com
ogads-pa.clients6.google.com
www.googletagmanager.com
lh3.googleusercontent.com
nordvpn.com
nordvpn.com
nordvpn.com

nordvpn.com
google-ohttp-relay-safebrowsing.fastly-edge.com
s1.nordcdn.com
ic.nordcdn.com
s1.nordcdn.com
ic.nordcdn.com
s1.nordcdn.com
www.googletagmanager.com
ic.nordcdn.com
d.nordvpn.com
www.googletagmanager.com
sb.nordcdn.com
d.nordvpn.com
cm.nordvpn.com
www.google.it
stats.g.doubleclick.net
debug.nordvpn.com
debug.nordvpn.com
web-api.nordvpn.com
stats.g.doubleclick.net
content-autofill.googleapis.com
dns.google
mail1.libero.it
static.xx.fbcdn.net
beacons.gcp.gvt2.com
beacons.gcp.gvt2.com
beacons.gcp.gvt2.com

play.googleapis.com
www.google.com
www.google.com
www.google.com
lh3.google.com
www.googleadservices.com
dns.google
tunnel.googlezip.net
lh3.googleusercontent.com
tunnel.googlezip.net
dns.google
cdn.ampproject.org
cdn.ampproject.org
www.geeksforgeeks.org
cdnjs.cloudflare.com
code.jquery.com
google-ohttp-relay-safebrowsing.fastly-edge.com
cdnads.geeksforgeeks.org
play.google.com
gum.criteo.com
id.crwdcntrl.net
content-autofill.googleapis.com
utilapi.geeksforgeeks.org
gum.criteo.com
region1.analytics.google.com
ipv6.6sc.co
b.6sc.co
pagead2.googlesyndication.com
www.google.it
fundingchoicesmessages.google.com
www.googleadservices.com
www.google.com
www.googletagmanager.com
pagead2.googlesyndication.com
www.google.com
fundingchoicesmessages.google.com
googleads.g.doubleclick.net
securepubads.g.doubleclick.net
94bafeb1d3b0e5523bd0ca0d064954de.safeframe.googlesyndication.com
www.google.it
www.google.it
www.googleadservices.com
www.googleadservices.com
cdnjs.cloudflare.com
ep1.adtrafficquality.google
securepubads.g.doubleclick.net
securepubads.g.doubleclick.net
ep2.adtrafficquality.google
prebid.smilewanted.com
pagead2.googlesyndication.com
htlb.casalemedia.com
csp.withgoogle.com
hbopenbid.pubmatic.com
ib.adnxs.com
btlr.sharethrough.com
adapi.geeksforgeeks.org
csi.gstatic.com
ep1.adtrafficquality.google
csi.gstatic.com
csync.smilewanted.com
cm.g.doubleclick.net
acdn.adnxs.com
match.adsrvr.org
js-sec.indexww.com
creativecdn.com
ads.pubmatic.com
ssbsync.smartadserver.com
cm.g.doubleclick.net
cs.admanmedia.com
ib.adnxs.com
match.sharethrough.com
pagead2.googlesyndication.com
pagead2.googlesyndication.com
ittpx.eskimi.com
onetag-sys.com
creativecdn.com
ssc-cms.33across.com
beacons.gcp.gvt2.com
cdnjs.cloudflare.com
code.jquery.com
mail1.libero.it
static.xx.fbcdn.net
csi.gstatic.com
www.google.com
www.google.com
lh3.google.com
www.googleadservices.com
lh3.googleusercontent.com
www.googletagmanager.com
tunnel.googlezip.net

dns.google
cdn.ampproject.org
cdn.ampproject.org
dns.google
tunnel.googlezip.net
nordvpn.com
play.google.com
google-ohttp-relay-safebrowsing.fastly-edge.com
waa-pa.clients6.google.com
sb.nordcdn.com
img.youtube.com
www.google.it
lh3.googleusercontent.com
www.googleadservices.com
www.googleadservices.com
beacons.gcp.gvt2.com
quake-pa.googleapis.com
www.google.it
www.google.it
content-autofill.googleapis.com
dns.google
clientservices.googleapis.com

dns.google
beacons.gcp.gvt2.com
beacons.gcp.gvt2.com
beacons.gcp.gvt2.com
e2c80.gcp.gvt2.com
