android.googleapis.com
www.google.com
www.google.com

www.google.com
www.google.com
www.google.com
www.google.com

notifications-pa.googleapis.com

lh3.googleusercontent.com
www.google.com
www.google.com


www.google.com
www.google.com

notifications-pa.googleapis.com
android.googleapis.com
www.google.com


www.google.com
www.google.com

www.google.com
lh3.googleusercontent.com
quake-pa.googleapis.com


spot-pa.googleapis.com

notifications-pa.googleapis.com
android.googleapis.com


www.google.com

www.google.com
lh3.googleusercontent.com
lh3.googleusercontent.com
lh3.googleusercontent.com
www.google.com


www.google.com

www.google.com

notifications-pa.googleapis.com
