locationhistory-pa.googleapis.com
accounts.google.com
accounts.google.com
www.google.com
optimizationguide-pa.googleapis.com
accounts.google.com
www.google.com
www.googleadservices.com
optimizationguide-pa.googleapis.com
www.googleadservices.com
tunnel.googlezip.net
cdn.ampproject.org
cdn.ampproject.org
cdn.ampproject.org
cdn.ampproject.org
tunnel.googlezip.net
play.google.com
play.google.com
play.google.com

mail1.libero.it
static.xx.fbcdn.net
ogads-pa.clients6.google.com
ogads-pa.clients6.google.com
ogads-pa.clients6.google.com
dns.google
dns.google
dns.google
dns.google
dns.google
dns.google
optimizationguide-pa.googleapis.com
clientservices.googleapis.com
clientservices.googleapis.com
dns.google
lh3.google.com
lh3.google.com
lh3.googleusercontent.com
www.googletagmanager.com
dns.google
tunnel.googlezip.net
www.googletagmanager.com
lh3.googleusercontent.com
tunnel.googlezip.net
dns.google
en.wikipedia.org
upload.wikimedia.org
content-autofill.googleapis.com
en.wikipedia.org
content-autofill.googleapis.com
dns.google
dns.google
static.xx.fbcdn.net
mail1.libero.it
beacons.gcp.gvt2.com
www.google.com
lh3.google.com
www.googleadservices.com
www.googletagmanager.com
dns.google
tunnel.googlezip.net
lh3.googleusercontent.com
cdn.ampproject.org
cdn.ampproject.org
tunnel.googlezip.net
dns.google
play.google.com

www.geeksforgeeks.org
cdnjs.cloudflare.com
cdnads.geeksforgeeks.org
code.jquery.com
google-ohttp-relay-safebrowsing.fastly-edge.com
securepubads.g.doubleclick.net
apis.google.com
www.googletagmanager.com
j.6sc.co
ads.pubmatic.com
apis.google.com
securepubads.g.doubleclick.net
ipv6.6sc.co
api.rlcdn.com
gum.criteo.com
id.crwdcntrl.net
id5-sync.com
cdn.jsdelivr.net
utilapi.geeksforgeeks.org
t.pubmatic.com
region1.analytics.google.com
api.rlcdn.com
www.google.it
pagead2.googlesyndication.com
stats.g.doubleclick.net
gum.criteo.com
www.google.it
region1.analytics.google.com
pagead2.googlesyndication.com
www.googleadservices.com
www.google.com
securepubads.g.doubleclick.net
stats.g.doubleclick.net
www.googletagmanager.com
fundingchoicesmessages.google.com
www.google.com
www.googleadservices.com
lb.eu-1-id5-sync.com
fundingchoicesmessages.google.com
esp.rtbhouse.com
b44898257c8a5fce3a7ae3cf11a93d04.safeframe.googlesyndication.com
static.criteo.net
esp.rtbhouse.com
adapi.geeksforgeeks.org
www.gstatic.com
www.google.com
www.google.com
adapi.geeksforgeeks.org
pagead2.googlesyndication.com
gum.criteo.com
www.gstatic.com
www.gstatic.com
ep1.adtrafficquality.google
ep1.adtrafficquality.google
ep2.adtrafficquality.google
ep2.adtrafficquality.google
prebid.smilewanted.com
btlr.sharethrough.com
htlb.casalemedia.com
hbopenbid.pubmatic.com
ib.adnxs.com
ep2.adtrafficquality.google
pagead2.googlesyndication.com
ep2.adtrafficquality.google
pagead2.googlesyndication.com
csi.gstatic.com
ad.doubleclick.net
tpc.googlesyndication.com
s0.2mdn.net
ad.doubleclick.net
tpc.googlesyndication.com
s0.2mdn.net
pagead2.googlesyndication.com
ad.doubleclick.net
csi.gstatic.com
www.googleadservices.com
ad.doubleclick.net
www.googleadservices.com
csi.gstatic.com
ep1.adtrafficquality.google
ep1.adtrafficquality.google
www.googletagservices.com
ep1.adtrafficquality.google
www.googletagservices.com
www.googleadservices.com
www.googleadservices.com
acdn.adnxs.com
ads.pubmatic.com
js-sec.indexww.com
sync-tm.everesttech.net
x.bidswitch.net
match.adsrvr.org
csync.smilewanted.com
ssbsync.smartadserver.com
cms.quantserve.com
match.sharethrough.com
ib.adnxs.com
idsync.rlcdn.com
cm.g.doubleclick.net
match.adsrvr.org
px.ads.linkedin.com
c.bing.com
c.bing.com
dis.criteo.com
px.ads.linkedin.com
idsync.rlcdn.com
trace.mediago.io
cm.g.doubleclick.net
m.adnxs.com
image6.pubmatic.com
pubmatic-match.dotomi.com
ad.turn.com
ups.analytics.yahoo.com
image2.pubmatic.com
simage2.pubmatic.com
image4.pubmatic.com
pagead2.googlesyndication.com
pagead2.googlesyndication.com
ittpx.eskimi.com
onetag-sys.com
creativecdn.com
s.ad.smaato.net
x.bidswitch.net
ssc-cms.33across.com
www.googleadservices.com
www.googleadservices.com
www.googleadservices.com
www.googleadservices.com

play.googleapis.com
beacons.gcp.gvt2.com

cdnjs.cloudflare.com
dns.google
google.com
code.jquery.com
beacons.gcp.gvt2.com
beacons.gcp.gvt2.com
google.com
static.xx.fbcdn.net
mail1.libero.it
www.google.com
www.google.com
www.google.com
lh3.google.com
www.googleadservices.com

dns.google
tunnel.googlezip.net
www.googletagmanager.com
cdn.ampproject.org
cdn.ampproject.org
tunnel.googlezip.net
dns.google
dns.google
play.google.com
www.cloudflare.com
www.cloudflare.com
ot.www.cloudflare.com
ogads-pa.clients6.google.com
www.cloudflare.com
cf-assets.www.cloudflare.com
cf-assets.www.cloudflare.com
cf-assets.www.cloudflare.com
lh3.google.com
lh3.google.com
static.cloudflareinsights.com
performance.radar.cloudflare.com
challenges.cloudflare.com
performance.radar.cloudflare.com
challenges.cloudflare.com
ot.www.cloudflare.com
ot.www.cloudflare.com
challenges.cloudflare.com
ot.www.cloudflare.com
performance.radar.cloudflare.com
fastly.cedexis-test.com
cf-assets.www.cloudflare.com
api.www.cloudflare.com
www.googletagmanager.com
assets.adobedtm.com
api.www.cloudflare.com
benchmarks.cdn-c.compute-pipe.com
www.googletagmanager.com
ad.doubleclick.net
alb.reddit.com
tag.demandbase.com
snap.licdn.com
js.adsrvr.org
static.ads-twitter.com
px.ads.linkedin.com
js.qualified.com
cdn.bizible.com
px.ads.linkedin.com
ad.doubleclick.net
px.ads.linkedin.com
content-autofill.googleapis.com
px.ads.linkedin.com
s.company-target.com
benchmark.1e100cdn.net
dpm.demdex.net
api.company-target.com
id.rlcdn.com
cdn.bizible.com
s.company-target.com
insight.adsrvr.org
analytics.twitter.com
t.co
benchmark.1e100cdn.net
px.ads.linkedin.com
713-xsc-918.mktoresp.com
edge.adobedc.net
adservice.google.com
ws6.qualified.com
tag-logger.demandbase.com
app.qualified.com
adservice.google.com
px.ads.linkedin.com
cm.everesttech.net
cloudflareinc.demdex.net
cedexis-test.akamaized.net
js.adsrvr.org
benchmarks.cdn.compute-pipe.com
benchmarks.cdn.compute-pipe.com
app.qualified.com
www.google.com
bat.bing.com
benchmarks.cdn-b.compute-pipe.com
insight.adsrvr.org
region1.google-analytics.com
bat.bing.com
www.google.com
stats.g.doubleclick.net
region1.google-analytics.com
assets.qualified.com
static.cloudflareinsights.com
insight.adsrvr.org
p29.cedexis-test.com
o209747.ingest.us.sentry.io
o209747.ingest.us.sentry.io
performance.radar.cloudflare.com
performance.radar.cloudflare.com
google.com
beacons.gcp.gvt2.com
ad.doubleclick.net
adservice.google.com
beacons.gcp.gvt2.com
e2c42.gcp.gvt2.com
a.nel.cloudflare.com
a.nel.cloudflare.com

play-fe.googleapis.com
dns.google
clientservices.googleapis.com
dns.google
mail1.libero.it
static.xx.fbcdn.net
google.com
beacons.gvt2.com
google.com

quake-pa.googleapis.com
www.google.com
beacons.gcp.gvt2.com
www.google.com
www.google.com
lh3.google.com
history.google.com
www.googleadservices.com
www.googletagmanager.com
history.google.com
tunnel.googlezip.net
dns.google
lh3.googleusercontent.com
dns.google
tunnel.googlezip.net
cdn.ampproject.org
cdn.ampproject.org
waa-pa.clients6.google.com
waa-pa.clients6.google.com
cdnjs.cloudflare.com
google-ohttp-relay-safebrowsing.fastly-edge.com
code.jquery.com
gum.criteo.com
id.crwdcntrl.net
gum.criteo.com
region1.analytics.google.com
www.google.it
ipv6.6sc.co
fundingchoicesmessages.google.com
www.googleadservices.com
www.google.com
pagead2.googlesyndication.com
www.googletagmanager.com
www.google.com
www.googletagmanager.com
www.googletagmanager.com
lh3.googleusercontent.com
lh3.googleusercontent.com
www.google.it
www.google.it
fundingchoicesmessages.google.com
fundingchoicesmessages.google.com
fundingchoicesmessages.google.com
fundingchoicesmessages.google.com
securepubads.g.doubleclick.net
f8aed01dc3a2b1f69e75cdb08403d884.safeframe.googlesyndication.com
ep1.adtrafficquality.google
cdnjs.cloudflare.com
ep2.adtrafficquality.google
pagead2.googlesyndication.com
htlb.casalemedia.com
pagead2.googlesyndication.com
ib.adnxs.com
btlr.sharethrough.com
ad.doubleclick.net
googleads.g.doubleclick.net
pagead2.googlesyndication.com
s0.2mdn.net
googleads.g.doubleclick.net
www.googleadservices.com
www.googleadservices.com
www.googleadservices.com
ep1.adtrafficquality.google
ad.doubleclick.net
ad.doubleclick.net
ep1.adtrafficquality.google
ads.pubmatic.com
ib.adnxs.com
pagead2.googlesyndication.com
pagead2.googlesyndication.com
pixel.tapad.com
cm.g.doubleclick.net
t.wayfair.com
c1.adform.net
sync.taboola.com
pixel.tapad.com
aa.agkn.com
user-sync.fwmrm.net
dpm.demdex.net
b1sync.zemanta.com
match.adsrvr.org
secure.adnxs.com
ittpx.eskimi.com
ep1.adtrafficquality.google
ep1.adtrafficquality.google
onetag-sys.com
onetag-sys.com
www.googleadservices.com
ssc-cms.33across.com
www.googleadservices.com
www.googleadservices.com
cm.g.doubleclick.net
cm.g.doubleclick.net
beacons.gcp.gvt2.com
google.com
cdnjs.cloudflare.com
dns.google
beacons.gcp.gvt2.com
code.jquery.com
e2c12.gcp.gvt2.com
beacons.gvt2.com
beacons.gcp.gvt2.com

play.googleapis.com
dns.google
mail1.libero.it
static.xx.fbcdn.net
pagead2.googlesyndication.com
beacons.gcp.gvt2.com
beacons.gcp.gvt2.com
beacons.gcp.gvt2.com
beacons.gcp.gvt2.com
beacons.gcp.gvt2.com
www.google.com
lh3.google.com
www.googleadservices.com
www.googletagmanager.com
tunnel.googlezip.net
dns.google
dns.google
tunnel.googlezip.net
cdn.ampproject.org
cdn.ampproject.org
play.google.com
waa-pa.clients6.google.com

cdnjs.cloudflare.com
code.jquery.com
google-ohttp-relay-safebrowsing.fastly-edge.com
gum.criteo.com
id.crwdcntrl.net
region1.analytics.google.com
www.google.it
gum.criteo.com
ipv6.6sc.co
fundingchoicesmessages.google.com
lh3.google.com
lh3.google.com
www.googleadservices.com
www.google.com
www.googletagmanager.com
pagead2.googlesyndication.com
www.googletagmanager.com
fundingchoicesmessages.google.com
securepubads.g.doubleclick.net
googleads.g.doubleclick.net
33ac45a557ac15de919bc9a8ba012652.safeframe.googlesyndication.com
content-autofill.googleapis.com
www.google.com
content-autofill.googleapis.com
ep1.adtrafficquality.google
ep2.adtrafficquality.google
pagead2.googlesyndication.com
btlr.sharethrough.com
ib.adnxs.com
ep1.adtrafficquality.google
region1.analytics.google.com
region1.analytics.google.com
acdn.adnxs.com
match.adsrvr.org
cms.quantserve.com
cm.g.doubleclick.net
ads.pubmatic.com
ssbsync.smartadserver.com
ib.adnxs.com
cm.g.doubleclick.net
i.liadm.com
match.sharethrough.com
t.wayfair.com
us-u.openx.net
simage2.pubmatic.com
ups.analytics.yahoo.com
sync.crwdcntrl.net
sync.taboola.com
prebid.adnxs.com
us-u.openx.net
bpi.rtactivate.com
sync.srv.stackadapt.com
tr.blismedia.com
tr.blismedia.com
ssp.api.tappx.com
onetag-sys.com
secure-assets.rubiconproject.com
cm.adform.net
match.sharethrough.com
ap.lijit.com
sync.sparteo.com
ssbsync.smartadserver.com
ad.360yield.com
cdn.connectad.io
ssp-sync.criteo.com
eb2.3lift.com
csync.loopme.me
sync.clearnview.com
cs.admanmedia.com
measureadv.com
eus.rubiconproject.com
ssp.api.tappx.com
ssp.api.tappx.com
redirect.frontend.weborama.fr
x.bidswitch.net
ssp.api.tappx.com
cm.g.doubleclick.net
rtb.mfadsrvr.com
ssp.api.tappx.com
ssp.api.tappx.com
pixel-eu.rubiconproject.com
image8.pubmatic.com
pixel.rubiconproject.com
t.adx.opera.com
match.adsrvr.org
redirect.frontend.weborama.fr
id5-sync.com
t.adx.opera.com
rtb-csync.smartadserver.com
sync.1rx.io
ad.turn.com
dsp.360yield.com
dis.criteo.com
track.adform.net
s.amazon-adsystem.com
us.ck-ie.com
euw-ice.360yield.com
euw-ice.360yield.com
token.rubiconproject.com
wt.rqtrk.eu
www.temu.com
synchroscript.deliveryengine.adswizz.com
match.prod.bidr.io
euc-ice.360yield.com
cms.quantserve.com
pbs-cs.yellowblue.io
c1.adform.net
sync.connectad.io
token.rubiconproject.com
rtb.mfadsrvr.com
pbsj.bricks-co.com
t.adx.opera.com
pixel-eu.rubiconproject.com
ads.creative-serving.com
ce.lijit.com
pbsj.bricks-co.com
www.temu.com
token.rubiconproject.com
pixel.rubiconproject.com
pixel.rubiconproject.com
pixel.rubiconproject.com
pixel-us-east.rubiconproject.com
pixel.rubiconproject.com
pixel.rubiconproject.com
id.rlcdn.com
a.tribalfusion.com
a.tribalfusion.com
dsp-cookie.adfarm1.adition.com
pixel.tapad.com
bh.contextweb.com
sync.aniview.com
usr.undertone.com
crb.kargo.com
prebid-s2s.media.net
ads.yieldmo.com
ads.yieldmo.com
sync.serverbid.com
sync.cootlogix.com
um.simpli.fi
ittpx.eskimi.com
visitor.omnitagjs.com
pixel-sync.sitescout.com
a.tribalfusion.com
pbs.yahoo.com
ads.stickyadstv.com
triplelift-match.dotomi.com
pixel-sync.sitescout.com
csync.loopme.me
hb.trustedstack.com
player.aniview.com
api-ssp.spot.im
cs.media.net
jadserve.postrelease.com
ssum-sec.casalemedia.com
cs-server-s2s.yellowblue.io
csync.copper6.com
sync-service.net
ssc-cms.33across.com
prebid.a-mo.net
csync.copper6.com
cs.media.net
visitor.europe-west9.gcp.omnitagjs.com
sync.inmobi.com
cs.openwebmp.com
bttrack.com
bttrack.com
csync.copper6.com
csync.copper6.com
a.amxrtb.com
rtb.openx.net
id.a-mx.com
euw2-sync.a-mo.net
sync.a-mo.net
ow.pubmatic.com
id.rtb.mx
e.serverbid.com
fran.frvr.com
fran.frvr.com
sync.missena.io
sync.richaudience.com
ssp-sync.criteo.com
sync.smartadserver.com
ssp.disqus.com
rtb.d.adup-tech.com
user-sync.alkimi-onboarding.com
user-sync.alkimi-onboarding.com
prebid-match.dotomi.com
rtb.gamoshi.io
cstb.adsinteractive.com
pbs-cs.minutemedia-prebid.com
match.sharethrough.com
sync.1rx.io
sync.clearnview.com
play.adtonos.com
s.seedtag.com
cs.seedtag.com
cs.seedtag.com
s.seedtag.com
csync.smartadserver.com
csync.loopme.me
b1sync.zemanta.com
aax-eu.amazon-adsystem.com
hb.trustedstack.com
ssum-sec.casalemedia.com
sync.bfmio.com
player.aniview.com
sync-service.net
ssc-cms.33across.com
measureadv.com
csync.copper6.com
uss.xplosion.de
ittpx.eskimi.com
csync.smartadserver.com
ced-ns.sascdn.com
dis.criteo.com
equativ-match.dotomi.com
s.company-target.com
sync-tm.everesttech.net
image6.pubmatic.com
ad.turn.com
pxl.iqm.com
s.amazon-adsystem.com
dsum-sec.casalemedia.com
public.servenobid.com
match.sharethrough.com
cloudflare-ech.com
ssp.disqus.com
sync.1rx.io
p.rfihub.com
sync.go.sonobi.com
csync.loopme.me
hbx.media.net
ads.servenobid.com
ads.servenobid.com
ads.servenobid.com
ads.servenobid.com
ads.servenobid.com
ortb.feedad.com
ortb.feedad.com
ih.adscale.de
ih.adscale.de
pbs.publishers.tremorhub.com
orbidder.otto.de
beacons.gcp.gvt2.com
beacons.gcp.gvt2.com
cdnjs.cloudflare.com
google.com
code.jquery.com
dns.google
beacons.gcp.gvt2.com
beacons.gcp.gvt2.com
beacons.gcp.gvt2.com
cdnjs.cloudflare.com
beacons.gcp.gvt2.com
beacons.gcp.gvt2.com
dns.google
clientservices.googleapis.com
static.xx.fbcdn.net
mail1.libero.it
b1.nel.goog
b1.nel.goog
www.google.com
lh3.google.com
lh3.googleusercontent.com
www.googleadservices.com
www.googletagmanager.com
dns.google
tunnel.googlezip.net
tunnel.googlezip.net
dns.google
cdn.ampproject.org
cdn.ampproject.org
play.google.com
waa-pa.clients6.google.com
cdnjs.cloudflare.com

code.jquery.com
google-ohttp-relay-safebrowsing.fastly-edge.com
media.geeksforgeeks.org
assets.geeksforgeeks.org
www.google.it
region1.analytics.google.com
gum.criteo.com
id.crwdcntrl.net
content-autofill.googleapis.com
ipv6.6sc.co
www.googleadservices.com
gum.criteo.com
www.google.com
fundingchoicesmessages.google.com
www.googletagmanager.com
pagead2.googlesyndication.com
googleads.g.doubleclick.net
www.google.com
www.googleadservices.com
www.googleadservices.com
fundingchoicesmessages.google.com
fundingchoicesmessages.google.com
fundingchoicesmessages.google.com
fundingchoicesmessages.google.com
securepubads.g.doubleclick.net
90d0d184336bfd1c98e972e97bcb24d5.safeframe.googlesyndication.com
ep1.adtrafficquality.google
cdnjs.cloudflare.com
pagead2.googlesyndication.com
ep2.adtrafficquality.google
pagead2.googlesyndication.com
ib.adnxs.com
btlr.sharethrough.com
ep1.adtrafficquality.google
match.adsrvr.org
js-sec.indexww.com
ads.pubmatic.com
u.openx.net
image8.pubmatic.com
ssbsync.smartadserver.com
u.openx.net
sync.1rx.io
pagead2.googlesyndication.com
pagead2.googlesyndication.com
ib.adnxs.com
match.sharethrough.com
image4.pubmatic.com
ittpx.eskimi.com
ep1.adtrafficquality.google
ep1.adtrafficquality.google
onetag-sys.com
ssc-cms.33across.com
b1.nel.goog

cdnjs.cloudflare.com
dns.google
code.jquery.com
dns.google
clientservices.googleapis.com
clientservices.googleapis.com
b.6sc.co
